Microchip MPLAB XC8 Compiler V2.40

Linker command line:

-W-3 \
  --edf=E:\Program Files\Microchip\xc8\v2.40\pic\dat\20220703182018_en.msgs \
  -cn -h+dist/default/production\proyecto1_slave1.X.production.sym \
  --cmf=dist/default/production\proyecto1_slave1.X.production.cmf -z \
  -Q16F887 -oC:\Users\lemus\AppData\Local\Temp\xcAscjk.4 \
  --defsym=__MPLAB_BUILD=1 --fixupoverflow=error \
  -Mdist/default/production/proyecto1_slave1.X.production.map \
  --md=C:\Users\lemus\AppData\Local\Temp\xcAscjk.dat -E1 -ver=XC8 Compiler \
  --acfsm=1493 -ACODE=00h-07FFhx4 -ASTRCODE=00h-01FFFh -ASTRING=00h-0FFhx32 \
  -ACONST=00h-0FFhx32 -AENTRY=00h-0FFhx32 -ACOMMON=070h-07Fh \
  -ABANK0=020h-06Fh -ABANK1=0A0h-0EFh -ABANK2=0110h-016Fh \
  -ABANK3=0190h-01EFh -ARAM=020h-06Fh,0A0h-0EFh,0110h-016Fh,0190h-01EFh \
  -AABS1=020h-07Fh,0A0h-0EFh,0110h-016Fh,0190h-01EFh -ASFR0=00h-01Fh \
  -ASFR1=080h-09Fh -ASFR2=0100h-010Fh -ASFR3=0180h-018Fh \
  -ACONFIG=02007h-02008h -DCONFIG=2 -AIDLOC=02000h-02003h -DIDLOC=2 \
  -AEEDATA=00h-0FFh/02100h -peeprom_data=EEDATA -DEEDATA=2 -DCODE=2 \
  -DSTRCODE=2 -DSTRING=2 -DCONST=2 -DENTRY=2 \
  -preset_vec=00h,intentry=04h,init,end_init -ppowerup=CODE -pcinit=CODE \
  -pfunctab=ENTRY -k C:\Users\lemus\AppData\Local\Temp\xcAscjk.o \
  dist/default/production\proyecto1_slave1.X.production.o 

Object code version is 3.11

Machine type is 16F887



                Name                               Link     Load   Length Selector   Space Scale
C:\Users\lemus\AppData\Local\Temp\xcAscjk.o
                end_init                              C        C        3        8       0
                reset_vec                             0        0        3        0       0
                config                             2007     2007        2        0       4
                idloc                              2000     2000        4        0       5
dist/default/production\proyecto1_slave1.X.production.o
                cinit                                 F        F        F        8       0
                intentry                              4        4        8        8       0
                config                             2007     2007        2        0       4
                idloc                              2000     2000        4        0       5
                text9                               140      140        9        8       0
                text8                                DC       DC       16        8       0
                text7                               107      107       15        8       0
                text6                               12F      12F       11        8       0
                text5                                F2       F2       15        8       0
                text4                               11C      11C       13        8       0
                text3                                1E       1E       4F        8       0
                text2                                9F       9F       20        8       0
                text1                                BF       BF       1D        8       0
                maintext                             6D       6D       32        8       0
                cstackBANK0                          20       20        4       20       1
                cstackCOMMON                         70       70        8       70       1
                bssBANK0                             24       24        3       20       1
                bssCOMMON                            78       78        6       70       1
                nvBANK0                              27       27        1       20       1

TOTAL           Name                               Link     Load   Length     Space
        CLASS   CODE           
                end_init                              C        C        3         0
                cinit                                 F        F        F         0
                intentry                              4        4        8         0
                reset_vec                             0        0        3         0
                text9                               140      140        9         0
                text8                                DC       DC       16         0
                text7                               107      107       15         0
                text6                               12F      12F       11         0
                text5                                F2       F2       15         0
                text4                               11C      11C       13         0
                text3                                1E       1E       4F         0
                text2                                9F       9F       20         0
                text1                                BF       BF       1D         0
                maintext                             6D       6D       32         0

        CLASS   STRCODE        

        CLASS   STRING         

        CLASS   CONST          

        CLASS   ENTRY          

        CLASS   COMMON         
                cstackCOMMON                         70       70        8         1
                bssCOMMON                            78       78        6         1

        CLASS   BANK0          
                cstackBANK0                          20       20        4         1
                bssBANK0                             24       24        3         1
                nvBANK0                              27       27        1         1

        CLASS   BANK1          

        CLASS   BANK2          

        CLASS   BANK3          

        CLASS   RAM            

        CLASS   ABS1           
                abs_s1                               7E       7E        2         1

        CLASS   SFR0           

        CLASS   SFR1           

        CLASS   SFR2           

        CLASS   SFR3           

        CLASS   CONFIG         
                config                             2007     2007        2         4

        CLASS   IDLOC          
                idloc                              2000     2000        4         5

        CLASS   EEDATA         

        CLASS   STACK          



SEGMENTS        Name                           Load    Length   Top    Selector   Space  Class     Delta

                reset_vec                      000000  000003  000003         0       0  CODE        2
                intentry                       000004  000145  000149         8       0  CODE        2
                cstackBANK0                    000020  000008  000028        20       1  BANK0       1
                cstackCOMMON                   000070  00000E  00007E        70       1  COMMON      1


UNUSED ADDRESS RANGES

        Name                Unused          Largest block    Delta
        BANK0            0028-006F             48           1
        BANK1            00A0-00EF             50           1
        BANK2            0110-016F             60           1
        BANK3            0190-01EF             60           1
        CODE             0003-0003              1           2
                         0149-1FFF            800
        CONST            0003-0003              1           2
                         0149-1FFF            100
        EEDATA           2100-21FF            100           2
        ENTRY            0003-0003              1           2
                         0149-1FFF            100
        RAM              0028-006F             48           1
                         00A0-00EF             50
                         0110-016F             60
                         0190-01EF             60
        SFR0             0000-001F             20           1
        SFR1             0080-009F             20           1
        SFR2             0100-010F             10           1
        SFR3             0180-018F             10           1
        STRCODE          0003-0003              1           2
                         0149-1FFF           1EB7
        STRING           0003-0003              1           2
                         0149-1FFF            100

                                  Symbol Table

?_I2C_Error_Read         cstackCOMMON 0070
?_I2C_Read_Mode          cstackCOMMON 0070
?_I2C_Write_Mode         cstackCOMMON 0070
I2C_Init_Slave@add_slave cstackBANK0  0020
I2C_Read_Slave@dato_i2c  cstackCOMMON 0070
I2C_Write_Slave@dato_i2c cstackCOMMON 0070
_ANSEL                   (abs)        0188
_ANSELH                  (abs)        0189
_BF                      (abs)        04A0
_I2C_Error_Data          text9        0140
_I2C_Error_Read          text8        00DC
_I2C_Error_Read$531      cstackCOMMON 0074
_I2C_Init_Slave          text2        009F
_I2C_Read_Mode           text7        0107
_I2C_Read_Mode$543       cstackCOMMON 0074
_I2C_Read_Slave          text6        012F
_I2C_Write_Mode          text5        00F2
_I2C_Write_Mode$541      cstackCOMMON 0074
_I2C_Write_Slave         text4        011C
_INTCONbits              (abs)        000B
_OSCCONbits              (abs)        008F
_PIE1bits                (abs)        008C
_PIR1bits                (abs)        000C
_PORTA                   (abs)        0005
_PORTAbits               (abs)        0005
_PORTB                   (abs)        0006
_PORTBbits               (abs)        0006
_PORTC                   (abs)        0007
_PORTCbits               (abs)        0007
_PORTD                   (abs)        0008
_PORTDbits               (abs)        0008
_SSPADD                  (abs)        0093
_SSPBUF                  (abs)        0013
_SSPCON                  (abs)        0014
_SSPCON2                 (abs)        0091
_SSPCONbits              (abs)        0014
_SSPSTAT                 (abs)        0094
_SSPSTATbits             (abs)        0094
_T1CON                   (abs)        0010
_T1CONbits               (abs)        0010
_TMR1                    (abs)        000E
_TRISAbits               (abs)        0085
_TRISCbits               (abs)        0087
_TRISDbits               (abs)        0088
__Habs1                  abs1         0000
__Hbank0                 bank0        0000
__Hbank1                 bank1        0000
__Hbank2                 bank2        0000
__Hbank3                 bank3        0000
__HbssBANK0              bssBANK0     0000
__HbssCOMMON             bssCOMMON    0000
__Hcinit                 cinit        001E
__Hclrtext               clrtext      0000
__Hcode                  code         0000
__Hcommon                common       0000
__Hconfig                config       2009
__HcstackBANK0           cstackBANK0  0000
__HcstackCOMMON          cstackCOMMON 0000
__Heeprom_data           eeprom_data  0000
__Hend_init              end_init     000F
__Hfunctab               functab      0000
__Hidloc                 idloc        2004
__Hinit                  init         000C
__Hintentry              intentry     000C
__Hmaintext              maintext     0000
__HnvBANK0               nvBANK0      0000
__Hpowerup               powerup      0000
__Hram                   ram          0000
__Hreset_vec             reset_vec    0003
__Hsfr0                  sfr0         0000
__Hsfr1                  sfr1         0000
__Hsfr2                  sfr2         0000
__Hsfr3                  sfr3         0000
__Hspace_0               (abs)        0149
__Hspace_1               (abs)        007E
__Hspace_2               (abs)        0000
__Hspace_3               (abs)        0000
__Hspace_4               (abs)        4010
__Hstack                 stack        0000
__Hstrings               strings      0000
__Htext                  text         0000
__Labs1                  abs1         0000
__Lbank0                 bank0        0000
__Lbank1                 bank1        0000
__Lbank2                 bank2        0000
__Lbank3                 bank3        0000
__LbssBANK0              bssBANK0     0000
__LbssCOMMON             bssCOMMON    0000
__Lcinit                 cinit        000F
__Lclrtext               clrtext      0000
__Lcode                  code         0000
__Lcommon                common       0000
__Lconfig                config       0000
__LcstackBANK0           cstackBANK0  0000
__LcstackCOMMON          cstackCOMMON 0000
__Leeprom_data           eeprom_data  0000
__Lend_init              end_init     000C
__Lfunctab               functab      0000
__Lidloc                 idloc        0000
__Linit                  init         000C
__Lintentry              intentry     0004
__Lmaintext              maintext     0000
__LnvBANK0               nvBANK0      0000
__Lpowerup               powerup      0000
__Lram                   ram          0000
__Lreset_vec             reset_vec    0000
__Lsfr0                  sfr0         0000
__Lsfr1                  sfr1         0000
__Lsfr2                  sfr2         0000
__Lsfr3                  sfr3         0000
__Lspace_0               (abs)        0000
__Lspace_1               (abs)        0000
__Lspace_2               (abs)        0000
__Lspace_3               (abs)        0000
__Lspace_4               (abs)        0000
__Lstack                 stack        0000
__Lstrings               strings      0000
__Ltext                  text         0000
__S0                     (abs)        0149
__S1                     (abs)        007E
__S3                     (abs)        0000
___int_sp                stack        0000
___latbits               (abs)        0002
___sp                    stack        0000
___stackhi               (abs)        0000
___stacklo               (abs)        0000
__end_of_I2C_Error_Data  text9        0149
__end_of_I2C_Error_Read  text8        00F2
__end_of_I2C_Init_Slave  text2        00BF
__end_of_I2C_Read_Mode   text7        011C
__end_of_I2C_Read_Slave  text6        0140
__end_of_I2C_Write_Mode  text5        0107
__end_of_I2C_Write_Slave text4        012F
__end_of__initialization cinit        001A
__end_of_isr             text3        006D
__end_of_main            maintext     009F
__end_of_setup           text1        00DC
__initialization         cinit        000F
__pbssBANK0              bssBANK0     0024
__pbssCOMMON             bssCOMMON    0078
__pcstackBANK0           cstackBANK0  0020
__pcstackCOMMON          cstackCOMMON 0070
__pintentry              intentry     0004
__pmaintext              maintext     006D
__pnvBANK0               nvBANK0      0027
__ptext1                 text1        00BF
__ptext2                 text2        009F
__ptext3                 text3        001E
__ptext4                 text4        011C
__ptext5                 text5        00F2
__ptext6                 text6        012F
__ptext7                 text7        0107
__ptext8                 text8        00DC
__ptext9                 text9        0140
_cont                    bssCOMMON    0078
_contb                   bssBANK0     0024
_contg                   bssCOMMON    0079
_contr                   bssBANK0     0025
_dc                      nvBANK0      0027
_isr                     text3        001E
_main                    maintext     006D
_recibido                bssCOMMON    007D
_setup                   text1        00BF
btemp                    (abs)        007E
end_of_initialization    cinit        001A
interrupt_function       intentry     0004
intlevel0                functab      0000
intlevel1                functab      0000
intlevel2                functab      0000
intlevel3                functab      0000
intlevel4                functab      0000
intlevel5                functab      0000
reset_vec                reset_vec    0000
saved_w                  (abs)        007E
start                    init         000C
start_initialization     cinit        000F
wtemp0                   (abs)        007E


MODULE INFORMATION

Module		Function		Class		Link	Load	Size
i2c.c
		_I2C_Write_Mode		CODE           	00F2	0000	21
		_I2C_Read_Mode 		CODE           	0107	0000	21
		_I2C_Error_Read		CODE           	00DC	0000	22
		_I2C_Error_Data		CODE           	0140	0000	9
		_I2C_Read_Slave		CODE           	012F	0000	17
		_I2C_Init_Slave		CODE           	009F	0000	32
		_I2C_Write_Slave		CODE           	011C	0000	19

i2c.c estimated size: 141

shared
		__initialization		CODE           	000F	0000	11

shared estimated size: 11

main_slave1.c
		_main          		CODE           	006D	0000	50
		_isr           		CODE           	001E	0000	79
		_setup         		CODE           	00BF	0000	29

main_slave1.c estimated size: 158

