Microchip MPLAB XC8 Compiler V2.40

Linker command line:

-W-3 \
  --edf=E:\Program Files\Microchip\xc8\v2.40\pic\dat\20220703182018_en.msgs \
  -cn -h+dist/default/production\proyecto1_slave1.X.production.sym \
  --cmf=dist/default/production\proyecto1_slave1.X.production.cmf -z \
  -Q16F887 -oC:\Users\lemus\AppData\Local\Temp\xcAs1io.4 \
  --defsym=__MPLAB_BUILD=1 --fixupoverflow=error \
  -Mdist/default/production/proyecto1_slave1.X.production.map \
  --md=C:\Users\lemus\AppData\Local\Temp\xcAs1io.dat -E1 -ver=XC8 Compiler \
  --acfsm=1493 -ACODE=00h-07FFhx4 -ASTRCODE=00h-01FFFh -ASTRING=00h-0FFhx32 \
  -ACONST=00h-0FFhx32 -AENTRY=00h-0FFhx32 -ACOMMON=070h-07Fh \
  -ABANK0=020h-06Fh -ABANK1=0A0h-0EFh -ABANK2=0110h-016Fh \
  -ABANK3=0190h-01EFh -ARAM=020h-06Fh,0A0h-0EFh,0110h-016Fh,0190h-01EFh \
  -AABS1=020h-07Fh,0A0h-0EFh,0110h-016Fh,0190h-01EFh -ASFR0=00h-01Fh \
  -ASFR1=080h-09Fh -ASFR2=0100h-010Fh -ASFR3=0180h-018Fh \
  -ACONFIG=02007h-02008h -DCONFIG=2 -AIDLOC=02000h-02003h -DIDLOC=2 \
  -AEEDATA=00h-0FFh/02100h -peeprom_data=EEDATA -DEEDATA=2 -DCODE=2 \
  -DSTRCODE=2 -DSTRING=2 -DCONST=2 -DENTRY=2 \
  -preset_vec=00h,intentry=04h,init,end_init -ppowerup=CODE -pcinit=CODE \
  -pfunctab=ENTRY -k C:\Users\lemus\AppData\Local\Temp\xcAs1io.o \
  dist/default/production\proyecto1_slave1.X.production.o 

Object code version is 3.11

Machine type is 16F887



                Name                               Link     Load   Length Selector   Space Scale
C:\Users\lemus\AppData\Local\Temp\xcAs1io.o
                end_init                              C        C        3        8       0
                reset_vec                             0        0        3        0       0
                config                             2007     2007        2        0       4
                idloc                              2000     2000        4        0       5
dist/default/production\proyecto1_slave1.X.production.o
                cinit                                 F        F        F        8       0
                intentry                              4        4        8        8       0
                config                             2007     2007        2        0       4
                idloc                              2000     2000        4        0       5
                text11                              295      295        9        8       0
                text10                              224      224       16        8       0
                text9                               24F      24F       15        8       0
                text8                               277      277       11        8       0
                text7                               23A      23A       15        8       0
                text6                               264      264       13        8       0
                text5                                F0       F0       98        8       0
                text4                               188      188       5D        8       0
                text3                               288      288        D        8       0
                text2                               1E5      1E5       20        8       0
                text1                               205      205       1F        8       0
                maintext                             1E       1E       D2        8       0
                cstackBANK0                          20       20        7       20       1
                cstackCOMMON                         70       70        8       70       1
                bssBANK0                             27       27        4       20       1
                bssCOMMON                            78       78        5       70       1
                nvBANK0                              2B       2B        1       20       1

TOTAL           Name                               Link     Load   Length     Space
        CLASS   CODE           
                end_init                              C        C        3         0
                cinit                                 F        F        F         0
                intentry                              4        4        8         0
                reset_vec                             0        0        3         0
                text11                              295      295        9         0
                text10                              224      224       16         0
                text9                               24F      24F       15         0
                text8                               277      277       11         0
                text7                               23A      23A       15         0
                text6                               264      264       13         0
                text5                                F0       F0       98         0
                text4                               188      188       5D         0
                text3                               288      288        D         0
                text2                               1E5      1E5       20         0
                text1                               205      205       1F         0
                maintext                             1E       1E       D2         0

        CLASS   STRCODE        

        CLASS   STRING         

        CLASS   CONST          

        CLASS   ENTRY          

        CLASS   COMMON         
                cstackCOMMON                         70       70        8         1
                bssCOMMON                            78       78        5         1

        CLASS   BANK0          
                cstackBANK0                          20       20        7         1
                bssBANK0                             27       27        4         1
                nvBANK0                              2B       2B        1         1

        CLASS   BANK1          

        CLASS   BANK2          

        CLASS   BANK3          

        CLASS   RAM            

        CLASS   ABS1           
                abs_s1                               7E       7E        2         1

        CLASS   SFR0           

        CLASS   SFR1           

        CLASS   SFR2           

        CLASS   SFR3           

        CLASS   CONFIG         
                config                             2007     2007        2         4

        CLASS   IDLOC          
                idloc                              2000     2000        4         5

        CLASS   EEDATA         

        CLASS   STACK          



SEGMENTS        Name                           Load    Length   Top    Selector   Space  Class     Delta

                reset_vec                      000000  000003  000003         0       0  CODE        2
                intentry                       000004  00029A  00029E         8       0  CODE        2
                cstackBANK0                    000020  00000C  00002C        20       1  BANK0       1
                cstackCOMMON                   000070  00000D  00007D        70       1  COMMON      1


UNUSED ADDRESS RANGES

        Name                Unused          Largest block    Delta
        BANK0            002C-006F             44           1
        BANK1            00A0-00EF             50           1
        BANK2            0110-016F             60           1
        BANK3            0190-01EF             60           1
        CODE             0003-0003              1           2
                         029E-1FFF            800
        COMMON           007D-007D              1           1
        CONST            0003-0003              1           2
                         029E-1FFF            100
        EEDATA           2100-21FF            100           2
        ENTRY            0003-0003              1           2
                         029E-1FFF            100
        RAM              002C-006F             44           1
                         00A0-00EF             50
                         0110-016F             60
                         0190-01EF             60
        SFR0             0000-001F             20           1
        SFR1             0080-009F             20           1
        SFR2             0100-010F             10           1
        SFR3             0180-018F             10           1
        STRCODE          0003-0003              1           2
                         029E-1FFF           1D62
        STRING           0003-0003              1           2
                         029E-1FFF            100

                                  Symbol Table

?_I2C_Error_Read           cstackCOMMON 0070
?_I2C_Read_Mode            cstackCOMMON 0070
?_I2C_Write_Mode           cstackCOMMON 0070
?_TCS230_Get_Value         cstackBANK0  0020
I2C_Init_Slave@add_slave   cstackBANK0  0020
I2C_Read_Slave@dato_i2c    cstackCOMMON 0070
I2C_Write_Slave@dato_i2c   cstackCOMMON 0070
TCS230_Get_Value@channel   cstackBANK0  0020
TCS230_Get_Value@tcs_value cstackBANK0  0022
_ANSEL                     (abs)        0188
_ANSELH                    (abs)        0189
_BF                        (abs)        04A0
_I2C_Error_Data            text11       0295
_I2C_Error_Read            text10       0224
_I2C_Error_Read$562        cstackCOMMON 0074
_I2C_Init_Slave            text2        01E5
_I2C_Read_Mode             text9        024F
_I2C_Read_Mode$574         cstackCOMMON 0074
_I2C_Read_Slave            text8        0277
_I2C_Write_Mode            text7        023A
_I2C_Write_Mode$572        cstackCOMMON 0074
_I2C_Write_Slave           text6        0264
_INTCONbits                (abs)        000B
_IOCBbits                  (abs)        0096
_OSCCONbits                (abs)        008F
_PIE1bits                  (abs)        008C
_PIR1bits                  (abs)        000C
_PORTA                     (abs)        0005
_PORTAbits                 (abs)        0005
_PORTB                     (abs)        0006
_PORTBbits                 (abs)        0006
_PORTC                     (abs)        0007
_PORTD                     (abs)        0008
_PORTDbits                 (abs)        0008
_SSPADD                    (abs)        0093
_SSPBUF                    (abs)        0013
_SSPCON                    (abs)        0014
_SSPCON2                   (abs)        0091
_SSPCONbits                (abs)        0014
_SSPSTAT                   (abs)        0094
_SSPSTATbits               (abs)        0094
_T1CON                     (abs)        0010
_T1CONbits                 (abs)        0010
_TCS230_Get_Value          text4        0188
_TCS230_Init               text3        0288
_TMR1                      (abs)        000E
_TRISAbits                 (abs)        0085
_TRISBbits                 (abs)        0086
_TRISCbits                 (abs)        0087
_TRISDbits                 (abs)        0088
__Habs1                    abs1         0000
__Hbank0                   bank0        0000
__Hbank1                   bank1        0000
__Hbank2                   bank2        0000
__Hbank3                   bank3        0000
__HbssBANK0                bssBANK0     0000
__HbssCOMMON               bssCOMMON    0000
__Hcinit                   cinit        001E
__Hclrtext                 clrtext      0000
__Hcode                    code         0000
__Hcommon                  common       0000
__Hconfig                  config       2009
__HcstackBANK0             cstackBANK0  0000
__HcstackCOMMON            cstackCOMMON 0000
__Heeprom_data             eeprom_data  0000
__Hend_init                end_init     000F
__Hfunctab                 functab      0000
__Hidloc                   idloc        2004
__Hinit                    init         000C
__Hintentry                intentry     000C
__Hmaintext                maintext     0000
__HnvBANK0                 nvBANK0      0000
__Hpowerup                 powerup      0000
__Hram                     ram          0000
__Hreset_vec               reset_vec    0003
__Hsfr0                    sfr0         0000
__Hsfr1                    sfr1         0000
__Hsfr2                    sfr2         0000
__Hsfr3                    sfr3         0000
__Hspace_0                 (abs)        029E
__Hspace_1                 (abs)        007D
__Hspace_2                 (abs)        0000
__Hspace_3                 (abs)        0000
__Hspace_4                 (abs)        4010
__Hstack                   stack        0000
__Hstrings                 strings      0000
__Htext                    text         0000
__Labs1                    abs1         0000
__Lbank0                   bank0        0000
__Lbank1                   bank1        0000
__Lbank2                   bank2        0000
__Lbank3                   bank3        0000
__LbssBANK0                bssBANK0     0000
__LbssCOMMON               bssCOMMON    0000
__Lcinit                   cinit        000F
__Lclrtext                 clrtext      0000
__Lcode                    code         0000
__Lcommon                  common       0000
__Lconfig                  config       0000
__LcstackBANK0             cstackBANK0  0000
__LcstackCOMMON            cstackCOMMON 0000
__Leeprom_data             eeprom_data  0000
__Lend_init                end_init     000C
__Lfunctab                 functab      0000
__Lidloc                   idloc        0000
__Linit                    init         000C
__Lintentry                intentry     0004
__Lmaintext                maintext     0000
__LnvBANK0                 nvBANK0      0000
__Lpowerup                 powerup      0000
__Lram                     ram          0000
__Lreset_vec               reset_vec    0000
__Lsfr0                    sfr0         0000
__Lsfr1                    sfr1         0000
__Lsfr2                    sfr2         0000
__Lsfr3                    sfr3         0000
__Lspace_0                 (abs)        0000
__Lspace_1                 (abs)        0000
__Lspace_2                 (abs)        0000
__Lspace_3                 (abs)        0000
__Lspace_4                 (abs)        0000
__Lstack                   stack        0000
__Lstrings                 strings      0000
__Ltext                    text         0000
__S0                       (abs)        029E
__S1                       (abs)        007D
__S3                       (abs)        0000
___int_sp                  stack        0000
___latbits                 (abs)        0002
___sp                      stack        0000
___stackhi                 (abs)        0000
___stacklo                 (abs)        0000
__end_of_I2C_Error_Data    text11       029E
__end_of_I2C_Error_Read    text10       023A
__end_of_I2C_Init_Slave    text2        0205
__end_of_I2C_Read_Mode     text9        0264
__end_of_I2C_Read_Slave    text8        0288
__end_of_I2C_Write_Mode    text7        024F
__end_of_I2C_Write_Slave   text6        0277
__end_of_TCS230_Get_Value  text4        01E5
__end_of_TCS230_Init       text3        0295
__end_of__initialization   cinit        001A
__end_of_isr               text5        0188
__end_of_main              maintext     00F0
__end_of_setup             text1        0224
__initialization           cinit        000F
__pbssBANK0                bssBANK0     0027
__pbssCOMMON               bssCOMMON    0078
__pcstackBANK0             cstackBANK0  0020
__pcstackCOMMON            cstackCOMMON 0070
__pintentry                intentry     0004
__pmaintext                maintext     001E
__pnvBANK0                 nvBANK0      002B
__ptext1                   text1        0205
__ptext10                  text10       0224
__ptext11                  text11       0295
__ptext2                   text2        01E5
__ptext3                   text3        0288
__ptext4                   text4        0188
__ptext5                   text5        00F0
__ptext6                   text6        0264
__ptext7                   text7        023A
__ptext8                   text8        0277
__ptext9                   text9        024F
_blue                      bssBANK0     0028
_cont                      bssCOMMON    0078
_contb                     bssCOMMON    0079
_contg                     bssBANK0     0027
_contr                     bssCOMMON    007A
_dc                        nvBANK0      002B
_green                     bssBANK0     0029
_isr                       text5        00F0
_main                      maintext     001E
_recibido                  bssCOMMON    007C
_red                       bssBANK0     002A
_setup                     text1        0205
btemp                      (abs)        007E
end_of_initialization      cinit        001A
interrupt_function         intentry     0004
intlevel0                  functab      0000
intlevel1                  functab      0000
intlevel2                  functab      0000
intlevel3                  functab      0000
intlevel4                  functab      0000
intlevel5                  functab      0000
reset_vec                  reset_vec    0000
saved_w                    (abs)        007E
start                      init         000C
start_initialization       cinit        000F
wtemp0                     (abs)        007E


MODULE INFORMATION

Module		Function		Class		Link	Load	Size
tcs230.c
		_TCS230_Get_Value		CODE           	0188	0000	93
		_TCS230_Init   		CODE           	0288	0000	13

tcs230.c estimated size: 106

i2c.c
		_I2C_Write_Mode		CODE           	023A	0000	21
		_I2C_Read_Mode 		CODE           	024F	0000	21
		_I2C_Error_Read		CODE           	0224	0000	22
		_I2C_Error_Data		CODE           	0295	0000	9
		_I2C_Read_Slave		CODE           	0277	0000	17
		_I2C_Init_Slave		CODE           	01E5	0000	32
		_I2C_Write_Slave		CODE           	0264	0000	19

i2c.c estimated size: 141

shared
		__initialization		CODE           	000F	0000	11

shared estimated size: 11

main_slave1.c
		_main          		CODE           	001E	0000	210
		_isr           		CODE           	00F0	0000	152
		_setup         		CODE           	0205	0000	31

main_slave1.c estimated size: 393

