Microchip MPLAB XC8 Compiler V2.40

Linker command line:

-W-3 \
  --edf=E:\Program Files\Microchip\xc8\v2.40\pic\dat\20220703182018_en.msgs \
  -cn -h+dist/default/production\proyecto1_master.X.production.sym \
  --cmf=dist/default/production\proyecto1_master.X.production.cmf -z \
  -Q16F887 -oC:\Users\lemus\AppData\Local\Temp\xcAsfhc.4 \
  --defsym=__MPLAB_BUILD=1 --fixupoverflow=error \
  -Mdist/default/production/proyecto1_master.X.production.map \
  --md=C:\Users\lemus\AppData\Local\Temp\xcAsfhc.dat -E1 -ver=XC8 Compiler \
  --acfsm=1493 -ACODE=00h-07FFhx4 -ASTRCODE=00h-01FFFh -ASTRING=00h-0FFhx32 \
  -ACONST=00h-0FFhx32 -AENTRY=00h-0FFhx32 -ACOMMON=070h-07Fh \
  -ABANK0=020h-06Fh -ABANK1=0A0h-0EFh -ABANK2=0110h-016Fh \
  -ABANK3=0190h-01EFh -ARAM=020h-06Fh,0A0h-0EFh,0110h-016Fh,0190h-01EFh \
  -AABS1=020h-07Fh,0A0h-0EFh,0110h-016Fh,0190h-01EFh -ASFR0=00h-01Fh \
  -ASFR1=080h-09Fh -ASFR2=0100h-010Fh -ASFR3=0180h-018Fh \
  -ACONFIG=02007h-02008h -DCONFIG=2 -AIDLOC=02000h-02003h -DIDLOC=2 \
  -AEEDATA=00h-0FFh/02100h -peeprom_data=EEDATA -DEEDATA=2 -DCODE=2 \
  -DSTRCODE=2 -DSTRING=2 -DCONST=2 -DENTRY=2 \
  -preset_vec=00h,intentry=04h,init,end_init -ppowerup=CODE -pcinit=CODE \
  -pfunctab=ENTRY -k C:\Users\lemus\AppData\Local\Temp\xcAsfhc.o \
  dist/default/production\proyecto1_master.X.production.o 

Object code version is 3.11

Machine type is 16F887



                Name                               Link     Load   Length Selector   Space Scale
C:\Users\lemus\AppData\Local\Temp\xcAsfhc.o
                end_init                              C        C        3        8       0
                reset_vec                             0        0        3        0       0
                config                             2007     2007        2        0       4
                idloc                              2000     2000        4        0       5
dist/default/production\proyecto1_master.X.production.o
                cinit                                 F        F       1C        8       0
                intentry                              4        4        8        8       0
                config                             2007     2007        2        0       4
                idloc                              2000     2000        4        0       5
                text48                             116E     116E       1D     22DC       0
                text47                             10AE     10AE        B     215C       0
                text46                             10B9     10B9        B     2172       0
                text45                             1090     1090        A     2120       0
                text44                             109A     109A        A     2134       0
                text43                             10A4     10A4        A     2148       0
                text42                              7F2      7F2        E        8       0
                text41                             1523     1523       64     2A46       0
                text40                             10C4     10C4        B     2188       0
                text39                             11AA     11AA       22     2354       0
                text38                             1138     1138       1A     2270       0
                text37                             14D7     14D7       4C     29AE       0
                text36                             13DA     13DA       35     27B4       0
                text35                             144B     144B       46     2896       0
                text34                              BD5      BD5      1D3     17AA       0
                text33                              74E      74E       A4        8       0
                text32                             12C5     12C5       29     258A       0
                text31                              409      409      345        8       0
                text30                             10CF     10CF        B     219E       0
                text29                              DA8      DA8      258     1B50       0
                text28                              801      801       24     1002       0
                text27                              825      825       78     104A       0
                text26                             15EC     15EC       BA     2BD8       0
                text25                               2B       2B      3DE        8       0
                text24                              A23      A23      1B2     1446       0
                text23                             12EE     12EE       29     25DC       0
                text22                             10DA     10DA        D     21B4       0
                text21                             1587     1587       65     2B0E       0
                text20                             110D     110D       15     221A       0
                text19                             1152     1152       1C     22A4       0
                text18                             13A6     13A6       34     274C       0
                text17                             1373     1373       33     26E6       0
                text16                             1342     1342       31     2684       0
                text15                             10F9     10F9       14     21F2       0
                text14                             11CC     11CC       23     2398       0
                text13                             11EF     11EF       23     23DE       0
                text12                             1212     1212       23     2424       0
                text11                             1235     1235       23     246A       0
                text10                             1258     1258       23     24B0       0
                text9                              127B     127B       23     24F6       0
                text8                              1122     1122       16     2244       0
                text7                              118B     118B       1F     2316       0
                text6                              129E     129E       27     253C       0
                text5                              1491     1491       46     2922       0
                text4                              140F     140F       3C     281E       0
                text3                              1317     1317       2B     262E       0
                text2                              10E7     10E7       12     21CE       0
                text1                               89D      89D      186     113A       0
                maintext                           16A6     16A6      15A     2D4C       0
                cstackBANK0                          20       20       4C       20       1
                cstackCOMMON                         70       70        8       70       1
                cstackBANK1                          A0       A0       2B       A0       1
                cstackBANK2                         110      110        6      110       1
                clrtext                            1088     1088        8     2110       0
                bssBANK3                            190      190       5E      190       1
                bssBANK1                             CB       CB       25       A0       1
                bssBANK0                             6C       6C        1       20       1
                bssCOMMON                            78       78        3       70       1
                strings                            1000     1000       2C     2000       0

TOTAL           Name                               Link     Load   Length     Space
        CLASS   CODE           
                end_init                              C        C        3         0
                cinit                                 F        F       1C         0
                intentry                              4        4        8         0
                reset_vec                             0        0        3         0
                text48                             116E     116E       1D         0
                text47                             10AE     10AE        B         0
                text46                             10B9     10B9        B         0
                text45                             1090     1090        A         0
                text44                             109A     109A        A         0
                text43                             10A4     10A4        A         0
                text42                              7F2      7F2        E         0
                text41                             1523     1523       64         0
                text40                             10C4     10C4        B         0
                text39                             11AA     11AA       22         0
                text38                             1138     1138       1A         0
                text37                             14D7     14D7       4C         0
                text36                             13DA     13DA       35         0
                text35                             144B     144B       46         0
                text34                              BD5      BD5      1D3         0
                text33                              74E      74E       A4         0
                text32                             12C5     12C5       29         0
                text31                              409      409      345         0
                text30                             10CF     10CF        B         0
                text29                              DA8      DA8      258         0
                text28                              801      801       24         0
                text27                              825      825       78         0
                text26                             15EC     15EC       BA         0
                text25                               2B       2B      3DE         0
                text24                              A23      A23      1B2         0
                text23                             12EE     12EE       29         0
                text22                             10DA     10DA        D         0
                text21                             1587     1587       65         0
                text20                             110D     110D       15         0
                text19                             1152     1152       1C         0
                text18                             13A6     13A6       34         0
                text17                             1373     1373       33         0
                text16                             1342     1342       31         0
                text15                             10F9     10F9       14         0
                text14                             11CC     11CC       23         0
                text13                             11EF     11EF       23         0
                text12                             1212     1212       23         0
                text11                             1235     1235       23         0
                text10                             1258     1258       23         0
                text9                              127B     127B       23         0
                text8                              1122     1122       16         0
                text7                              118B     118B       1F         0
                text6                              129E     129E       27         0
                text5                              1491     1491       46         0
                text4                              140F     140F       3C         0
                text3                              1317     1317       2B         0
                text2                              10E7     10E7       12         0
                text1                               89D      89D      186         0
                maintext                           16A6     16A6      15A         0
                clrtext                            1088     1088        8         0

        CLASS   STRCODE        

        CLASS   STRING         
                strings                            1000     1000       2C         0

        CLASS   CONST          

        CLASS   ENTRY          

        CLASS   COMMON         
                cstackCOMMON                         70       70        8         1
                bssCOMMON                            78       78        3         1

        CLASS   BANK0          
                cstackBANK0                          20       20       4C         1
                bssBANK0                             6C       6C        1         1

        CLASS   BANK1          
                cstackBANK1                          A0       A0       2B         1
                bssBANK1                             CB       CB       25         1

        CLASS   BANK2          
                cstackBANK2                         110      110        6         1

        CLASS   BANK3          
                bssBANK3                            190      190       5E         1

        CLASS   RAM            

        CLASS   ABS1           
                abs_s1                               7E       7E        2         1

        CLASS   SFR0           

        CLASS   SFR1           

        CLASS   SFR2           

        CLASS   SFR3           

        CLASS   CONFIG         
                config                             2007     2007        2         4

        CLASS   IDLOC          
                idloc                              2000     2000        4         5

        CLASS   EEDATA         

        CLASS   STACK          



SEGMENTS        Name                           Load    Length   Top    Selector   Space  Class     Delta

                reset_vec                      000000  000003  000003         0       0  CODE        2
                intentry                       000004  0007FC  000800         8       0  CODE        2
                cstackBANK0                    000020  00004D  00006D        20       1  BANK0       1
                cstackCOMMON                   000070  00000B  00007B        70       1  COMMON      1
                cstackBANK1                    0000A0  000050  0000F0        A0       1  BANK1       1
                cstackBANK2                    000110  000006  000116       110       1  BANK2       1
                bssBANK3                       000190  00005E  0001EE       190       1  BANK3       1
                text28                         000801  000024  000825      1002       0  CODE        2
                text27                         000825  000078  00089D      104A       0  CODE        2
                text1                          00089D  000186  000A23      113A       0  CODE        2
                text24                         000A23  0001B2  000BD5      1446       0  CODE        2
                text34                         000BD5  0001D3  000DA8      17AA       0  CODE        2
                text29                         000DA8  000258  001000      1B50       0  CODE        2
                strings                        001000  00002C  00102C      2000       0  STRING      2
                clrtext                        001088  000008  001090      2110       0  CODE        2
                text45                         001090  00000A  00109A      2120       0  CODE        2
                text44                         00109A  00000A  0010A4      2134       0  CODE        2
                text43                         0010A4  00000A  0010AE      2148       0  CODE        2
                text47                         0010AE  00000B  0010B9      215C       0  CODE        2
                text46                         0010B9  00000B  0010C4      2172       0  CODE        2
                text40                         0010C4  00000B  0010CF      2188       0  CODE        2
                text30                         0010CF  00000B  0010DA      219E       0  CODE        2
                text22                         0010DA  00000D  0010E7      21B4       0  CODE        2
                text2                          0010E7  000012  0010F9      21CE       0  CODE        2
                text15                         0010F9  000014  00110D      21F2       0  CODE        2
                text20                         00110D  000015  001122      221A       0  CODE        2
                text8                          001122  000016  001138      2244       0  CODE        2
                text38                         001138  00001A  001152      2270       0  CODE        2
                text19                         001152  00001C  00116E      22A4       0  CODE        2
                text48                         00116E  00001D  00118B      22DC       0  CODE        2
                text7                          00118B  00001F  0011AA      2316       0  CODE        2
                text39                         0011AA  000022  0011CC      2354       0  CODE        2
                text14                         0011CC  000023  0011EF      2398       0  CODE        2
                text13                         0011EF  000023  001212      23DE       0  CODE        2
                text12                         001212  000023  001235      2424       0  CODE        2
                text11                         001235  000023  001258      246A       0  CODE        2
                text10                         001258  000023  00127B      24B0       0  CODE        2
                text9                          00127B  000023  00129E      24F6       0  CODE        2
                text6                          00129E  000027  0012C5      253C       0  CODE        2
                text32                         0012C5  000029  0012EE      258A       0  CODE        2
                text23                         0012EE  000029  001317      25DC       0  CODE        2
                text3                          001317  00002B  001342      262E       0  CODE        2
                text16                         001342  000031  001373      2684       0  CODE        2
                text17                         001373  000033  0013A6      26E6       0  CODE        2
                text18                         0013A6  000034  0013DA      274C       0  CODE        2
                text36                         0013DA  000035  00140F      27B4       0  CODE        2
                text4                          00140F  00003C  00144B      281E       0  CODE        2
                text35                         00144B  000046  001491      2896       0  CODE        2
                text5                          001491  000046  0014D7      2922       0  CODE        2
                text37                         0014D7  00004C  001523      29AE       0  CODE        2
                text41                         001523  000064  001587      2A46       0  CODE        2
                text21                         001587  000065  0015EC      2B0E       0  CODE        2
                text26                         0015EC  0000BA  0016A6      2BD8       0  CODE        2
                maintext                       0016A6  00015A  001800      2D4C       0  CODE        2


UNUSED ADDRESS RANGES

        Name                Unused          Largest block    Delta
        BANK0            006D-006F              3           1
        BANK2            0116-016F             5A           1
        BANK3            01EE-01EF              2           1
        CODE             0003-0003              1           2
                         0800-0800              1
                         102C-1087             5C
                         1800-1FFF            800
        COMMON           007B-007D              3           1
        CONST            0003-0003              1           2
                         0800-0800              1
                         102C-1087             5C
                         1800-1FFF            100
        EEDATA           2100-21FF            100           2
        ENTRY            0003-0003              1           2
                         0800-0800              1
                         102C-1087             5C
                         1800-1FFF            100
        RAM              006D-006F              3           1
                         0116-016F             5A
                         01EE-01EF              2
        SFR0             0000-001F             20           1
        SFR1             0080-009F             20           1
        SFR2             0100-010F             10           1
        SFR3             0180-018F             10           1
        STRCODE          0003-0003              1           2
                         0800-0800              1
                         102C-1087             5C
                         1800-1FFF            800
        STRING           0003-0003              1           2
                         0800-0800              1
                         102C-1087             5C
                         1800-1FFF            100

                                  Symbol Table

?__Umul8_16               cstackCOMMON 0073
?___fladd                 cstackBANK0  004F
?___fldiv                 cstackBANK0  0020
?___flmul                 cstackBANK0  0035
?___flneg                 cstackCOMMON 0073
?___flsub                 cstackBANK0  0063
?___fltol                 cstackCOMMON 0073
?___lwdiv                 cstackCOMMON 0073
?___lwmod                 cstackBANK0  0023
?___wmul                  cstackCOMMON 0073
?___xxtofl                cstackCOMMON 0073
?_sprintf                 cstackBANK0  0029
AHT10_Init@status         cstackCOMMON 0076
AHT10_Read@data           cstackBANK1  00C0
AHT10_Read@temperatura    cstackBANK1  00C7
Bcd_to_Dec@bcd            cstackBANK0  0023
Bcd_to_Dec@dec            cstackBANK0  0022
Dec_to_Bcd@bcd_number     cstackCOMMON 0074
Dec_to_Bcd@dec_number     cstackCOMMON 0073
I2C_Init_Master@sp_i2c    cstackCOMMON 0073
I2C_Write@data            cstackCOMMON 0073
Lcd_Cmd@a                 cstackCOMMON 0076
Lcd_Port@a                cstackCOMMON 0073
Lcd_Set_Cursor@a          cstackBANK0  0021
Lcd_Set_Cursor@b          cstackCOMMON 0077
Lcd_Set_Cursor@temp       cstackBANK0  0024
Lcd_Set_Cursor@y          cstackBANK0  0023
Lcd_Set_Cursor@z          cstackBANK0  0022
Lcd_Write_Char@a          cstackCOMMON 0077
Lcd_Write_Char@temp       cstackCOMMON 0075
Lcd_Write_Char@y          cstackCOMMON 0076
Lcd_Write_String@a        cstackBANK0  0020
Lcd_Write_String@i        cstackBANK0  0025
Read@address              cstackCOMMON 0075
Read@dato                 cstackCOMMON 0076
Read_Fecha@d              cstackCOMMON 0077
Read_Fecha@mo             cstackBANK0  0024
Read_Fecha@y              cstackBANK0  0025
Read_Time@h               cstackBANK0  0025
Read_Time@m               cstackBANK0  0024
Read_Time@s               cstackCOMMON 0077
Set_day@day               cstackCOMMON 0075
Set_hour@hour             cstackCOMMON 0075
Set_min@min               cstackCOMMON 0075
Set_month@month           cstackCOMMON 0075
Set_sec@sec               cstackCOMMON 0075
Set_year@year             cstackCOMMON 0075
_AHT10_Init               text41       1523
_AHT10_Read               text24       0A23
_AHT10_Soft_Reset         text23       12EE
_ANSEL                    (abs)        0188
_ANSELH                   (abs)        0189
_Bcd_to_Dec               text19       1152
_Dec_to_Bcd               text15       10F9
_I2C_Ack                  text40       10C4
_I2C_Init_Master          text7        118B
_I2C_Nack                 text47       10AE
_I2C_Read                 text46       10B9
_I2C_Restart              text45       1090
_I2C_Start                text44       109A
_I2C_Stop                 text43       10A4
_I2C_Write                text42       07F2
_INTCONbits               (abs)        000B
_Lcd_Clear                text22       10DA
_Lcd_Cmd                  text38       1138
_Lcd_Init                 text21       1587
_Lcd_Port                 text39       11AA
_Lcd_Set_Cursor           text37       14D7
_Lcd_Write_Char           text36       13DA
_Lcd_Write_String         text35       144B
_OPTION_REGbits           (abs)        0081
_OSCCONbits               (abs)        008F
_PIR1bits                 (abs)        000C
_PORTA                    (abs)        0005
_PORTB                    (abs)        0006
_PORTBbits                (abs)        0006
_PORTC                    (abs)        0007
_PORTD                    (abs)        0008
_PORTDbits                (abs)        0008
_Read                     text18       13A6
_Read_Fecha               text17       1373
_Read_Time                text16       1342
_SSPADD                   (abs)        0093
_SSPBUF                   (abs)        0013
_SSPCON                   (abs)        0014
_SSPCON2                  (abs)        0091
_SSPCON2bits              (abs)        0091
_SSPSTAT                  (abs)        0094
_Set_day                  text14       11CC
_Set_hour                 text13       11EF
_Set_min                  text12       1212
_Set_month                text11       1235
_Set_sec                  text10       1258
_Set_year                 text9        127B
_Slave1_Total             text8        1122
_TMR0                     (abs)        0001
_TRISB                    (abs)        0086
_TRISCbits                (abs)        0087
_TRISD                    (abs)        0088
__Habs1                   abs1         0000
__Hbank0                  bank0        0000
__Hbank1                  bank1        0000
__Hbank2                  bank2        0000
__Hbank3                  bank3        0000
__HbssBANK0               bssBANK0     0000
__HbssBANK1               bssBANK1     0000
__HbssBANK3               bssBANK3     0000
__HbssCOMMON              bssCOMMON    0000
__Hcinit                  cinit        002B
__Hclrtext                clrtext      0000
__Hcode                   code         0000
__Hcommon                 common       0000
__Hconfig                 config       2009
__HcstackBANK0            cstackBANK0  0000
__HcstackBANK1            cstackBANK1  0000
__HcstackBANK2            cstackBANK2  0000
__HcstackCOMMON           cstackCOMMON 0000
__Heeprom_data            eeprom_data  0000
__Hend_init               end_init     000F
__Hfunctab                functab      0000
__Hidloc                  idloc        2004
__Hinit                   init         000C
__Hintentry               intentry     000C
__Hmaintext               maintext     0000
__Hpowerup                powerup      0000
__Hram                    ram          0000
__Hreset_vec              reset_vec    0003
__Hsfr0                   sfr0         0000
__Hsfr1                   sfr1         0000
__Hsfr2                   sfr2         0000
__Hsfr3                   sfr3         0000
__Hspace_0                (abs)        1800
__Hspace_1                (abs)        01EE
__Hspace_2                (abs)        0000
__Hspace_3                (abs)        0000
__Hspace_4                (abs)        4010
__Hstack                  stack        0000
__Hstrings                strings      0000
__Htext                   text         0000
__Labs1                   abs1         0000
__Lbank0                  bank0        0000
__Lbank1                  bank1        0000
__Lbank2                  bank2        0000
__Lbank3                  bank3        0000
__LbssBANK0               bssBANK0     0000
__LbssBANK1               bssBANK1     0000
__LbssBANK3               bssBANK3     0000
__LbssCOMMON              bssCOMMON    0000
__Lcinit                  cinit        000F
__Lclrtext                clrtext      0000
__Lcode                   code         0000
__Lcommon                 common       0000
__Lconfig                 config       0000
__LcstackBANK0            cstackBANK0  0000
__LcstackBANK1            cstackBANK1  0000
__LcstackBANK2            cstackBANK2  0000
__LcstackCOMMON           cstackCOMMON 0000
__Leeprom_data            eeprom_data  0000
__Lend_init               end_init     000C
__Lfunctab                functab      0000
__Lidloc                  idloc        0000
__Linit                   init         000C
__Lintentry               intentry     0004
__Lmaintext               maintext     0000
__Lpowerup                powerup      0000
__Lram                    ram          0000
__Lreset_vec              reset_vec    0000
__Lsfr0                   sfr0         0000
__Lsfr1                   sfr1         0000
__Lsfr2                   sfr2         0000
__Lsfr3                   sfr3         0000
__Lspace_0                (abs)        0000
__Lspace_1                (abs)        0000
__Lspace_2                (abs)        0000
__Lspace_3                (abs)        0000
__Lspace_4                (abs)        0000
__Lstack                  stack        0000
__Lstrings                strings      0000
__Ltext                   text         0000
__S0                      (abs)        1800
__S1                      (abs)        01EE
__S3                      (abs)        0000
__Umul8_16                text32       12C5
__Umul8_16@multiplicand   cstackCOMMON 0073
__Umul8_16@multiplier     cstackBANK0  0024
__Umul8_16@product        cstackBANK0  0020
__Umul8_16@word_mpld      cstackBANK0  0022
___bmul                   text20       110D
___bmul@multiplicand      cstackCOMMON 0073
___bmul@multiplier        cstackCOMMON 0076
___bmul@product           cstackCOMMON 0075
___fladd                  text29       0DA8
___fladd@a                cstackBANK0  0053
___fladd@aexp             cstackBANK0  0060
___fladd@b                cstackBANK0  004F
___fladd@bexp             cstackBANK0  0061
___fladd@grs              cstackBANK0  0062
___fladd@signs            cstackBANK0  005F
___fldiv                  text34       0BD5
___fldiv@a                cstackBANK0  0020
___fldiv@aexp             cstackBANK0  0034
___fldiv@b                cstackBANK0  0024
___fldiv@bexp             cstackBANK0  0033
___fldiv@grs              cstackBANK0  002F
___fldiv@new_exp          cstackBANK0  002D
___fldiv@rem              cstackBANK0  0028
___fldiv@sign             cstackBANK0  002C
___flge                   text33       074E
___flge@ff1               cstackBANK0  0020
___flge@ff2               cstackBANK0  0024
___flmul                  text31       0409
___flmul@a                cstackBANK0  0039
___flmul@aexp             cstackBANK0  0047
___flmul@b                cstackBANK0  0035
___flmul@bexp             cstackBANK0  0048
___flmul@grs              cstackBANK0  0043
___flmul@prod             cstackBANK0  0049
___flmul@sign             cstackBANK0  0042
___flmul@temp             cstackBANK0  004D
___flneg                  text30       10CF
___flneg@f1               cstackCOMMON 0073
___flsub                  text28       0801
___flsub@a                cstackBANK0  0063
___flsub@b                cstackBANK0  0067
___fltol                  text27       0825
___fltol@exp1             cstackBANK0  0025
___fltol@f1               cstackCOMMON 0073
___fltol@sign1            cstackBANK0  0024
___int_sp                 stack        0000
___latbits                (abs)        0002
___lwdiv                  text5        1491
___lwdiv@counter          cstackBANK0  0020
___lwdiv@dividend         cstackCOMMON 0075
___lwdiv@divisor          cstackCOMMON 0073
___lwdiv@quotient         cstackBANK0  0021
___lwmod                  text4        140F
___lwmod@counter          cstackBANK0  0028
___lwmod@dividend         cstackBANK0  0025
___lwmod@divisor          cstackBANK0  0023
___sp                     stack        0000
___stackhi                (abs)        0000
___stacklo                (abs)        0000
___wmul                   text3        1317
___wmul@multiplicand      cstackCOMMON 0075
___wmul@multiplier        cstackCOMMON 0073
___wmul@product           cstackBANK0  0020
___xxtofl                 text26       15EC
___xxtofl@arg             cstackBANK0  0026
___xxtofl@exp             cstackBANK0  0025
___xxtofl@sign            cstackBANK0  0024
___xxtofl@val             cstackCOMMON 0073
__end_of_AHT10_Init       text41       1587
__end_of_AHT10_Read       text24       0BD5
__end_of_AHT10_Soft_Reset text23       1317
__end_of_Bcd_to_Dec       text19       116E
__end_of_Dec_to_Bcd       text15       110D
__end_of_I2C_Ack          text40       10CF
__end_of_I2C_Init_Master  text7        11AA
__end_of_I2C_Nack         text47       10B9
__end_of_I2C_Read         text46       10C4
__end_of_I2C_Restart      text45       109A
__end_of_I2C_Start        text44       10A4
__end_of_I2C_Stop         text43       10AE
__end_of_I2C_Write        text42       0800
__end_of_Lcd_Clear        text22       10E7
__end_of_Lcd_Cmd          text38       1152
__end_of_Lcd_Init         text21       15EC
__end_of_Lcd_Port         text39       11CC
__end_of_Lcd_Set_Cursor   text37       1523
__end_of_Lcd_Write_Char   text36       140F
__end_of_Lcd_Write_String text35       1491
__end_of_Read             text18       13DA
__end_of_Read_Fecha       text17       13A6
__end_of_Read_Time        text16       1373
__end_of_Set_day          text14       11EF
__end_of_Set_hour         text13       1212
__end_of_Set_min          text12       1235
__end_of_Set_month        text11       1258
__end_of_Set_sec          text10       127B
__end_of_Set_year         text9        129E
__end_of_Slave1_Total     text8        1138
__end_of__Umul8_16        text32       12EE
__end_of___bmul           text20       1122
__end_of___fladd          text29       1000
__end_of___fldiv          text34       0DA8
__end_of___flge           text33       07F2
__end_of___flmul          text31       074E
__end_of___flneg          text30       10DA
__end_of___flsub          text28       0825
__end_of___fltol          text27       089D
__end_of___lwdiv          text5        14D7
__end_of___lwmod          text4        144B
__end_of___wmul           text3        1342
__end_of___xxtofl         text26       16A6
__end_of__initialization  cinit        0027
__end_of__stringtab       strings      1010
__end_of_dpowers          strings      101A
__end_of_floattostr       text25       0409
__end_of_isdigit          text2        10F9
__end_of_isr              text48       118B
__end_of_main             maintext     1800
__end_of_setup            text6        12C5
__end_of_sprintf          text1        0A23
__initialization          cinit        000F
__pbssBANK0               bssBANK0     006C
__pbssBANK1               bssBANK1     00CB
__pbssBANK3               bssBANK3     0190
__pbssCOMMON              bssCOMMON    0078
__pcstackBANK0            cstackBANK0  0020
__pcstackBANK1            cstackBANK1  00A0
__pcstackBANK2            cstackBANK2  0110
__pcstackCOMMON           cstackCOMMON 0070
__pintentry               intentry     0004
__pmaintext               maintext     16A6
__pstrings                strings      1000
__ptext1                  text1        089D
__ptext10                 text10       1258
__ptext11                 text11       1235
__ptext12                 text12       1212
__ptext13                 text13       11EF
__ptext14                 text14       11CC
__ptext15                 text15       10F9
__ptext16                 text16       1342
__ptext17                 text17       1373
__ptext18                 text18       13A6
__ptext19                 text19       1152
__ptext2                  text2        10E7
__ptext20                 text20       110D
__ptext21                 text21       1587
__ptext22                 text22       10DA
__ptext23                 text23       12EE
__ptext24                 text24       0A23
__ptext25                 text25       002B
__ptext26                 text26       15EC
__ptext27                 text27       0825
__ptext28                 text28       0801
__ptext29                 text29       0DA8
__ptext3                  text3        1317
__ptext30                 text30       10CF
__ptext31                 text31       0409
__ptext32                 text32       12C5
__ptext33                 text33       074E
__ptext34                 text34       0BD5
__ptext35                 text35       144B
__ptext36                 text36       13DA
__ptext37                 text37       14D7
__ptext38                 text38       1138
__ptext39                 text39       11AA
__ptext4                  text4        140F
__ptext40                 text40       10C4
__ptext41                 text41       1523
__ptext42                 text42       07F2
__ptext43                 text43       10A4
__ptext44                 text44       109A
__ptext45                 text45       1090
__ptext46                 text46       10B9
__ptext47                 text47       10AE
__ptext48                 text48       116E
__ptext5                  text5        1491
__ptext6                  text6        129E
__ptext7                  text7        118B
__ptext8                  text8        1122
__ptext9                  text9        127B
__stringbase              strings      100F
__stringtab               strings      1000
_ano                      bssBANK1     00ED
_buffer                   bssBANK3     01D0
_buffer2                  bssBANK3     01A0
_contador                 bssBANK1     00E3
_contb                    bssBANK1     00E5
_contg                    bssCOMMON    0078
_dia                      bssBANK1     00EF
_distancia                bssBANK1     00E7
_dpowers                  strings      1010
_floattostr               text25       002B
_horas                    bssCOMMON    0079
_isdigit                  text2        10E7
_isdigit$1019             cstackCOMMON 0073
_isr                      text48       116E
_main                     maintext     16A6
_mes                      bssBANK1     00EE
_minutos                  bssCOMMON    007A
_segundos                 bssBANK0     006C
_setup                    text6        129E
_sprintf                  text1        089D
btemp                     (abs)        007E
clear_ram0                clrtext      1088
end_of_initialization     cinit        0027
floattostr@cadena_        cstackBANK1  00A4
floattostr@cont_for       cstackBANK1  00AE
floattostr@decimales_     cstackBANK1  00A5
floattostr@largo_entera   cstackBANK1  00B0
floattostr@largo_n        cstackBANK1  00AC
floattostr@numero_        cstackBANK1  00A0
floattostr@tempo_float    cstackBANK1  00A8
floattostr@tempo_int      cstackBANK1  00A6
interrupt_function        intentry     0004
intlevel0                 functab      0000
intlevel1                 functab      0000
intlevel2                 functab      0000
intlevel3                 functab      0000
intlevel4                 functab      0000
intlevel5                 functab      0000
isdigit@c                 cstackCOMMON 0074
reset_vec                 reset_vec    0000
saved_w                   (abs)        007E
sprintf@ap                cstackBANK0  0033
sprintf@c                 cstackBANK0  003B
sprintf@f                 cstackBANK0  0029
sprintf@flag              cstackBANK0  0034
sprintf@prec              cstackBANK0  0037
sprintf@sp                cstackBANK0  003A
sprintf@val               cstackBANK0  0035
sprintf@width             cstackBANK0  0038
start                     init         000C
start_initialization      cinit        000F
wtemp0                    (abs)        007E


MODULE INFORMATION

Module		Function		Class		Link	Load	Size
E:\Program Files\Microchip\xc8\v2.40\pic\sources\c90\common\lwmod.c
		___lwmod       		CODE           	140F	0000	60

E:\Program Files\Microchip\xc8\v2.40\pic\sources\c90\common\lwmod.c estimated size: 60

E:\Program Files\Microchip\xc8\v2.40\pic\sources\c90\common\sprcmul.c
		___flmul       		CODE           	0409	0000	837

E:\Program Files\Microchip\xc8\v2.40\pic\sources\c90\common\sprcmul.c estimated size: 837

i2c.c
		_I2C_Init_Master		CODE           	118B	0000	31
		_I2C_Write     		CODE           	07F2	0000	14
		_I2C_Stop      		CODE           	10A4	0000	10
		_I2C_Read      		CODE           	10B9	0000	11
		_I2C_Ack       		CODE           	10C4	0000	11
		_I2C_Nack      		CODE           	10AE	0000	11
		_I2C_Start     		CODE           	109A	0000	10
		_I2C_Restart   		CODE           	1090	0000	10

i2c.c estimated size: 108

E:\Program Files\Microchip\xc8\v2.40\pic\sources\c90\common\flge.c
		___flge        		CODE           	074E	0000	164

E:\Program Files\Microchip\xc8\v2.40\pic\sources\c90\common\flge.c estimated size: 164

E:\Program Files\Microchip\xc8\v2.40\pic\sources\c90\common\sprcdiv.c
		___fldiv       		CODE           	0BD5	0000	467

E:\Program Files\Microchip\xc8\v2.40\pic\sources\c90\common\sprcdiv.c estimated size: 467

E:\Program Files\Microchip\xc8\v2.40\pic\sources\c90\common\lwdiv.c
		___lwdiv       		CODE           	1491	0000	70

E:\Program Files\Microchip\xc8\v2.40\pic\sources\c90\common\lwdiv.c estimated size: 70

E:\Program Files\Microchip\xc8\v2.40\pic\sources\c90\common\fltol.c
		___fltol       		CODE           	0825	0000	120

E:\Program Files\Microchip\xc8\v2.40\pic\sources\c90\common\fltol.c estimated size: 120

./float_str.h
		_floattostr    		CODE           	002B	0000	990

./float_str.h estimated size: 990

E:\Program Files\Microchip\xc8\v2.40\pic\sources\c90\common\Umul8.c
		___bmul        		CODE           	110D	0000	21

E:\Program Files\Microchip\xc8\v2.40\pic\sources\c90\common\Umul8.c estimated size: 21

E:\Program Files\Microchip\xc8\v2.40\pic\sources\c90\common\xxtofl.c
		___xxtofl      		CODE           	15EC	0000	186

E:\Program Files\Microchip\xc8\v2.40\pic\sources\c90\common\xxtofl.c estimated size: 186

shared
		__stringtab    		STRING         	1000	0000	16
		_dpowers       		STRING         	1010	0000	10
		__initialization		CODE           	000F	0000	24

shared estimated size: 50

E:\Program Files\Microchip\xc8\v2.40\pic\sources\c90\common\isdigit.c
		_isdigit       		CODE           	10E7	0000	18

E:\Program Files\Microchip\xc8\v2.40\pic\sources\c90\common\isdigit.c estimated size: 18

E:\Program Files\Microchip\xc8\v2.40\pic\sources\c90\common\sprcadd.c
		___flsub       		CODE           	0801	0000	36
		___fladd       		CODE           	0DA8	0000	600

E:\Program Files\Microchip\xc8\v2.40\pic\sources\c90\common\sprcadd.c estimated size: 636

E:\Program Files\Microchip\xc8\v2.40\pic\sources\c90\common\Umul8_16.c
		__Umul8_16     		CODE           	12C5	0000	41

E:\Program Files\Microchip\xc8\v2.40\pic\sources\c90\common\Umul8_16.c estimated size: 41

E:\Program Files\Microchip\xc8\v2.40\pic\sources\c90\common\flneg.c
		___flneg       		CODE           	10CF	0000	11

E:\Program Files\Microchip\xc8\v2.40\pic\sources\c90\common\flneg.c estimated size: 11

main_master.c
		_Set_day       		CODE           	11CC	0000	35
		_Slave1_Total  		CODE           	1122	0000	22
		_main          		CODE           	16A6	0000	346
		_AHT10_Init    		CODE           	1523	0000	100
		_AHT10_Soft_Reset		CODE           	12EE	0000	41
		_Read_Time     		CODE           	1342	0000	49
		_AHT10_Read    		CODE           	0A23	0000	434
		_isr           		CODE           	116E	0000	29
		_Set_year      		CODE           	127B	0000	35
		_setup         		CODE           	129E	0000	39
		_Read_Fecha    		CODE           	1373	0000	51
		_Set_min       		CODE           	1212	0000	35
		_Set_hour      		CODE           	11EF	0000	35
		_Bcd_to_Dec    		CODE           	1152	0000	28
		_Read          		CODE           	13A6	0000	52
		_Dec_to_Bcd    		CODE           	10F9	0000	20
		_Set_month     		CODE           	1235	0000	35
		_Set_sec       		CODE           	1258	0000	35

main_master.c estimated size: 1421

E:\Program Files\Microchip\xc8\v2.40\pic\sources\c90\common\doprnt.c
		_sprintf       		CODE           	089D	0000	390

E:\Program Files\Microchip\xc8\v2.40\pic\sources\c90\common\doprnt.c estimated size: 390

E:\Program Files\Microchip\xc8\v2.40\pic\sources\c90\common\Umul16.c
		___wmul        		CODE           	1317	0000	43

E:\Program Files\Microchip\xc8\v2.40\pic\sources\c90\common\Umul16.c estimated size: 43

LCD.c
		_Lcd_Write_String		CODE           	144B	0000	70
		_Lcd_Init      		CODE           	1587	0000	101
		_Lcd_Write_Char		CODE           	13DA	0000	53
		_Lcd_Cmd       		CODE           	1138	0000	26
		_Lcd_Set_Cursor		CODE           	14D7	0000	76
		_Lcd_Clear     		CODE           	10DA	0000	13
		_Lcd_Port      		CODE           	11AA	0000	34

LCD.c estimated size: 373

