Microchip MPLAB XC8 Compiler V2.40

Linker command line:

-W-3 \
  --edf=E:\Program Files\Microchip\xc8\v2.40\pic\dat\20220703182018_en.msgs \
  -cn -h+dist/default/production\proyecto1_master.X.production.sym \
  --cmf=dist/default/production\proyecto1_master.X.production.cmf -z \
  -Q16F887 -oC:\Users\lemus\AppData\Local\Temp\xcAsf68.4 \
  --defsym=__MPLAB_BUILD=1 --fixupoverflow=error \
  -Mdist/default/production/proyecto1_master.X.production.map \
  --md=C:\Users\lemus\AppData\Local\Temp\xcAsf68.dat -E1 -ver=XC8 Compiler \
  --acfsm=1493 -ACODE=00h-07FFhx4 -ASTRCODE=00h-01FFFh -ASTRING=00h-0FFhx32 \
  -ACONST=00h-0FFhx32 -AENTRY=00h-0FFhx32 -ACOMMON=070h-07Fh \
  -ABANK0=020h-06Fh -ABANK1=0A0h-0EFh -ABANK2=0110h-016Fh \
  -ABANK3=0190h-01EFh -ARAM=020h-06Fh,0A0h-0EFh,0110h-016Fh,0190h-01EFh \
  -AABS1=020h-07Fh,0A0h-0EFh,0110h-016Fh,0190h-01EFh -ASFR0=00h-01Fh \
  -ASFR1=080h-09Fh -ASFR2=0100h-010Fh -ASFR3=0180h-018Fh \
  -ACONFIG=02007h-02008h -DCONFIG=2 -AIDLOC=02000h-02003h -DIDLOC=2 \
  -AEEDATA=00h-0FFh/02100h -peeprom_data=EEDATA -DEEDATA=2 -DCODE=2 \
  -DSTRCODE=2 -DSTRING=2 -DCONST=2 -DENTRY=2 \
  -preset_vec=00h,intentry=04h,init,end_init -ppowerup=CODE -pcinit=CODE \
  -pfunctab=ENTRY -k C:\Users\lemus\AppData\Local\Temp\xcAsf68.o \
  dist/default/production\proyecto1_master.X.production.o 

Object code version is 3.11

Machine type is 16F887



                Name                               Link     Load   Length Selector   Space Scale
C:\Users\lemus\AppData\Local\Temp\xcAsf68.o
                end_init                              C        C        3        8       0
                reset_vec                             0        0        3        0       0
                config                             2007     2007        2        0       4
                idloc                              2000     2000        4        0       5
dist/default/production\proyecto1_master.X.production.o
                cinit                                 F        F       24        8       0
                intentry                              4        4        8        8       0
                config                             2007     2007        2        0       4
                idloc                              2000     2000        4        0       5
                text51                             10E5     10E5       22     21CA       0
                text50                             1053     1053       1A     20A6       0
                text49                             1FAE     1FAE        D     3F5C       0
                text48                             1107     1107       24     220E       0
                text47                             1F8D     1F8D        B     3F1A       0
                text46                             1F98     1F98        B     3F30       0
                text45                             1F79     1F79        A     3EF2       0
                text44                             1F83     1F83        A     3F06       0
                text43                              7F6      7F6        A        8       0
                text42                              805      805        E     100A       0
                text41                              813      813       6C     1026       0
                text40                             1FA3     1FA3        B     3F46       0
                text39                             10A5     10A5       20     214A       0
                text38                             106D     106D       1C     20DA       0
                text37                             14B3     14B3       4C     2966       0
                text36                             1374     1374       39     26E8       0
                text35                             1427     1427       46     284E       0
                text34                              BD5      BD5      1D3     17AA       0
                text33                             1564     1564       A4     2AC8       0
                text32                             1260     1260       29     24C0       0
                text31                              439      439      345        8       0
                text30                             1FBB     1FBB        D     3F76       0
                text29                              DA8      DA8      258     1B50       0
                text28                             112B     112B       24     2256       0
                text27                              77E      77E       78        8       0
                text26                             1608     1608       BA     2C10       0
                text25                               33       33      406        8       0
                text24                              A05      A05      1D0     140A       0
                text23                             12DD     12DD       2D     25BA       0
                text22                             1FC8     1FC8        D     3F90       0
                text21                             14FF     14FF       65     29FE       0
                text20                             1FE9     1FE9       17     3FD2       0
                text19                             1089     1089       1C     2112       0
                text18                             13E9     13E9       3E     27D2       0
                text17                             130A     130A       35     2614       0
                text16                             133F     133F       35     267E       0
                text15                             103D     103D       16     207A       0
                text14                             114F     114F       27     229E       0
                text13                             1176     1176       27     22EC       0
                text12                             119D     119D       27     233A       0
                text11                             11C4     11C4       27     2388       0
                text10                             11EB     11EB       27     23D6       0
                text9                              1212     1212       27     2424       0
                text8                              10C5     10C5       20     218A       0
                text7                              12B2     12B2       2B     2564       0
                text6                              1289     1289       29     2512       0
                text5                              146D     146D       46     28DA       0
                text4                              13AD     13AD       3C     275A       0
                text3                              1239     1239       27     2472       0
                text2                              1FD5     1FD5       14     3FAA       0
                text1                               87F      87F      186     10FE       0
                maintext                           16C2     16C2      13E     2D84       0
                cstackBANK0                          20       20       50       20       1
                cstackCOMMON                         70       70        8       70       1
                cstackBANK1                          A0       A0       32       A0       1
                clrtext                            1F71     1F71        8     3EE2       0
                bssBANK2                            110      110       30      110       1
                bssBANK3                            190      190       32      190       1
                bssBANK1                             D2       D2       1E       A0       1
                bssCOMMON                            78       78        6       70       1
                strings                            1000     1000       3D     2000       0

TOTAL           Name                               Link     Load   Length     Space
        CLASS   CODE           
                end_init                              C        C        3         0
                cinit                                 F        F       24         0
                intentry                              4        4        8         0
                reset_vec                             0        0        3         0
                text51                             10E5     10E5       22         0
                text50                             1053     1053       1A         0
                text49                             1FAE     1FAE        D         0
                text48                             1107     1107       24         0
                text47                             1F8D     1F8D        B         0
                text46                             1F98     1F98        B         0
                text45                             1F79     1F79        A         0
                text44                             1F83     1F83        A         0
                text43                              7F6      7F6        A         0
                text42                              805      805        E         0
                text41                              813      813       6C         0
                text40                             1FA3     1FA3        B         0
                text39                             10A5     10A5       20         0
                text38                             106D     106D       1C         0
                text37                             14B3     14B3       4C         0
                text36                             1374     1374       39         0
                text35                             1427     1427       46         0
                text34                              BD5      BD5      1D3         0
                text33                             1564     1564       A4         0
                text32                             1260     1260       29         0
                text31                              439      439      345         0
                text30                             1FBB     1FBB        D         0
                text29                              DA8      DA8      258         0
                text28                             112B     112B       24         0
                text27                              77E      77E       78         0
                text26                             1608     1608       BA         0
                text25                               33       33      406         0
                text24                              A05      A05      1D0         0
                text23                             12DD     12DD       2D         0
                text22                             1FC8     1FC8        D         0
                text21                             14FF     14FF       65         0
                text20                             1FE9     1FE9       17         0
                text19                             1089     1089       1C         0
                text18                             13E9     13E9       3E         0
                text17                             130A     130A       35         0
                text16                             133F     133F       35         0
                text15                             103D     103D       16         0
                text14                             114F     114F       27         0
                text13                             1176     1176       27         0
                text12                             119D     119D       27         0
                text11                             11C4     11C4       27         0
                text10                             11EB     11EB       27         0
                text9                              1212     1212       27         0
                text8                              10C5     10C5       20         0
                text7                              12B2     12B2       2B         0
                text6                              1289     1289       29         0
                text5                              146D     146D       46         0
                text4                              13AD     13AD       3C         0
                text3                              1239     1239       27         0
                text2                              1FD5     1FD5       14         0
                text1                               87F      87F      186         0
                maintext                           16C2     16C2      13E         0
                clrtext                            1F71     1F71        8         0

        CLASS   STRCODE        

        CLASS   STRING         
                strings                            1000     1000       3D         0

        CLASS   CONST          

        CLASS   ENTRY          

        CLASS   COMMON         
                cstackCOMMON                         70       70        8         1
                bssCOMMON                            78       78        6         1

        CLASS   BANK0          
                cstackBANK0                          20       20       50         1

        CLASS   BANK1          
                cstackBANK1                          A0       A0       32         1
                bssBANK1                             D2       D2       1E         1

        CLASS   BANK2          
                bssBANK2                            110      110       30         1

        CLASS   BANK3          
                bssBANK3                            190      190       32         1

        CLASS   RAM            

        CLASS   ABS1           
                abs_s1                               7E       7E        2         1

        CLASS   SFR0           

        CLASS   SFR1           

        CLASS   SFR2           

        CLASS   SFR3           

        CLASS   CONFIG         
                config                             2007     2007        2         4

        CLASS   IDLOC          
                idloc                              2000     2000        4         5

        CLASS   EEDATA         

        CLASS   STACK          



SEGMENTS        Name                           Load    Length   Top    Selector   Space  Class     Delta

                reset_vec                      000000  000003  000003         0       0  CODE        2
                intentry                       000004  0007FC  000800         8       0  CODE        2
                cstackBANK0                    000020  000050  000070        20       1  BANK0       1
                cstackCOMMON                   000070  00000E  00007E        70       1  COMMON      1
                cstackBANK1                    0000A0  000050  0000F0        A0       1  BANK1       1
                bssBANK2                       000110  000030  000140       110       1  BANK2       1
                bssBANK3                       000190  000032  0001C2       190       1  BANK3       1
                text42                         000805  00000E  000813      100A       0  CODE        2
                text41                         000813  00006C  00087F      1026       0  CODE        2
                text1                          00087F  000186  000A05      10FE       0  CODE        2
                text24                         000A05  0001D0  000BD5      140A       0  CODE        2
                text34                         000BD5  0001D3  000DA8      17AA       0  CODE        2
                text29                         000DA8  000258  001000      1B50       0  CODE        2
                strings                        001000  00003D  00103D      2000       0  STRING      2
                text15                         00103D  000016  001053      207A       0  CODE        2
                text50                         001053  00001A  00106D      20A6       0  CODE        2
                text38                         00106D  00001C  001089      20DA       0  CODE        2
                text19                         001089  00001C  0010A5      2112       0  CODE        2
                text39                         0010A5  000020  0010C5      214A       0  CODE        2
                text8                          0010C5  000020  0010E5      218A       0  CODE        2
                text51                         0010E5  000022  001107      21CA       0  CODE        2
                text48                         001107  000024  00112B      220E       0  CODE        2
                text28                         00112B  000024  00114F      2256       0  CODE        2
                text14                         00114F  000027  001176      229E       0  CODE        2
                text13                         001176  000027  00119D      22EC       0  CODE        2
                text12                         00119D  000027  0011C4      233A       0  CODE        2
                text11                         0011C4  000027  0011EB      2388       0  CODE        2
                text10                         0011EB  000027  001212      23D6       0  CODE        2
                text9                          001212  000027  001239      2424       0  CODE        2
                text3                          001239  000027  001260      2472       0  CODE        2
                text32                         001260  000029  001289      24C0       0  CODE        2
                text6                          001289  000029  0012B2      2512       0  CODE        2
                text7                          0012B2  00002B  0012DD      2564       0  CODE        2
                text23                         0012DD  00002D  00130A      25BA       0  CODE        2
                text17                         00130A  000035  00133F      2614       0  CODE        2
                text16                         00133F  000035  001374      267E       0  CODE        2
                text36                         001374  000039  0013AD      26E8       0  CODE        2
                text4                          0013AD  00003C  0013E9      275A       0  CODE        2
                text18                         0013E9  00003E  001427      27D2       0  CODE        2
                text35                         001427  000046  00146D      284E       0  CODE        2
                text5                          00146D  000046  0014B3      28DA       0  CODE        2
                text37                         0014B3  00004C  0014FF      2966       0  CODE        2
                text21                         0014FF  000065  001564      29FE       0  CODE        2
                text33                         001564  0000A4  001608      2AC8       0  CODE        2
                text26                         001608  0000BA  0016C2      2C10       0  CODE        2
                maintext                       0016C2  00013E  001800      2D84       0  CODE        2
                clrtext                        001F71  000008  001F79      3EE2       0  CODE        2
                text45                         001F79  00000A  001F83      3EF2       0  CODE        2
                text44                         001F83  00000A  001F8D      3F06       0  CODE        2
                text47                         001F8D  00000B  001F98      3F1A       0  CODE        2
                text46                         001F98  00000B  001FA3      3F30       0  CODE        2
                text40                         001FA3  00000B  001FAE      3F46       0  CODE        2
                text49                         001FAE  00000D  001FBB      3F5C       0  CODE        2
                text30                         001FBB  00000D  001FC8      3F76       0  CODE        2
                text22                         001FC8  00000D  001FD5      3F90       0  CODE        2
                text2                          001FD5  000014  001FE9      3FAA       0  CODE        2
                text20                         001FE9  000017  002000      3FD2       0  CODE        2


UNUSED ADDRESS RANGES

        Name                Unused          Largest block    Delta
        BANK2            0140-016F             30           1
        BANK3            01C2-01EF             2E           1
        CODE             0003-0003              1           2
                         0800-0804              5
                         1800-1F70            771
        CONST            0003-0003              1           2
                         0800-0804              5
                         1800-1F70            100
        EEDATA           2100-21FF            100           2
        ENTRY            0003-0003              1           2
                         0800-0804              5
                         1800-1F70            100
        RAM              0140-016F             30           1
                         01C2-01EF             2E
        SFR0             0000-001F             20           1
        SFR1             0080-009F             20           1
        SFR2             0100-010F             10           1
        SFR3             0180-018F             10           1
        STRCODE          0003-0003              1           2
                         0800-0804              5
                         1800-1F70            771
        STRING           0003-0003              1           2
                         0800-0804              5
                         1800-1F70            100

                                  Symbol Table

?__Umul8_16               cstackBANK0  0020
?___fladd                 cstackBANK0  0054
?___fldiv                 cstackBANK0  0020
?___flmul                 cstackBANK0  003A
?___flneg                 cstackBANK0  0020
?___flsub                 cstackBANK0  0068
?___fltol                 cstackBANK0  0020
?___lwdiv                 cstackBANK0  0020
?___lwmod                 cstackBANK0  0028
?___wmul                  cstackBANK0  0020
?___xxtofl                cstackBANK0  0020
?_sprintf                 cstackBANK0  002E
AHT10_Init@status         cstackBANK0  0023
AHT10_Read@data           cstackBANK1  00C1
AHT10_Read@temperatura    cstackBANK1  00C8
Bcd_to_Dec@bcd            cstackBANK0  0027
Bcd_to_Dec@dec            cstackBANK0  0026
Dec_to_Bcd@bcd_number     cstackBANK0  0021
Dec_to_Bcd@dec_number     cstackBANK0  0020
I2C_Init_Master@sp_i2c    cstackBANK0  0020
I2C_Write@data            cstackBANK0  0020
Lcd_Cmd@a                 cstackBANK0  0023
Lcd_Port@a                cstackBANK0  0020
Lcd_Set_Cursor@a          cstackBANK0  0026
Lcd_Set_Cursor@b          cstackBANK0  0024
Lcd_Set_Cursor@temp       cstackBANK0  0029
Lcd_Set_Cursor@y          cstackBANK0  0028
Lcd_Set_Cursor@z          cstackBANK0  0027
Lcd_Write_Char@a          cstackBANK0  0024
Lcd_Write_Char@temp       cstackBANK0  0022
Lcd_Write_Char@y          cstackBANK0  0023
Lcd_Write_String@a        cstackBANK0  0025
Lcd_Write_String@i        cstackBANK0  002A
Read@address              cstackBANK0  0022
Read@dato                 cstackBANK0  0023
Read_Fecha@d              cstackBANK0  002A
Read_Fecha@mo             cstackBANK0  0028
Read_Fecha@y              cstackBANK0  0029
Read_Time@h               cstackBANK0  0029
Read_Time@m               cstackBANK0  0028
Read_Time@s               cstackBANK0  002A
Set_day@day               cstackBANK0  0022
Set_hour@hour             cstackBANK0  0022
Set_min@min               cstackBANK0  0022
Set_month@month           cstackBANK0  0022
Set_sec@sec               cstackBANK0  0022
Set_year@year             cstackBANK0  0022
_AHT10_Init               text41       0813
_AHT10_Read               text24       0A05
_AHT10_Soft_Reset         text23       12DD
_ANSEL                    (abs)        0188
_ANSELH                   (abs)        0189
_Bcd_to_Dec               text19       1089
_Dec_to_Bcd               text15       103D
_I2C_Ack                  text40       1FA3
_I2C_Init_Master          text7        12B2
_I2C_Nack                 text47       1F8D
_I2C_Read                 text46       1F98
_I2C_Restart              text45       1F79
_I2C_Start                text44       1F83
_I2C_Stop                 text43       07F6
_I2C_Write                text42       0805
_INTCONbits               (abs)        000B
_Lcd_Clear                text22       1FC8
_Lcd_Cmd                  text38       106D
_Lcd_Init                 text21       14FF
_Lcd_Port                 text39       10A5
_Lcd_Set_Cursor           text37       14B3
_Lcd_Shift_Right          text49       1FAE
_Lcd_Write_Char           text36       1374
_Lcd_Write_String         text35       1427
_OSCCONbits               (abs)        008F
_PIE1bits                 (abs)        008C
_PIR1bits                 (abs)        000C
_PORTA                    (abs)        0005
_PORTB                    (abs)        0006
_PORTBbits                (abs)        0006
_PORTC                    (abs)        0007
_PORTD                    (abs)        0008
_PORTDbits                (abs)        0008
_Read                     text18       13E9
_Read_Fecha               text17       130A
_Read_Time                text16       133F
_SSPADD                   (abs)        0093
_SSPBUF                   (abs)        0013
_SSPCON                   (abs)        0014
_SSPCON2                  (abs)        0091
_SSPCON2bits              (abs)        0091
_SSPSTAT                  (abs)        0094
_Set_day                  text14       114F
_Set_hour                 text13       1176
_Set_min                  text12       119D
_Set_month                text11       11C4
_Set_sec                  text10       11EB
_Set_year                 text9        1212
_Slave1_Total             text8        10C5
_T1CONbits                (abs)        0010
_TMR1H                    (abs)        000F
_TMR1L                    (abs)        000E
_TRISB                    (abs)        0086
_TRISCbits                (abs)        0087
_TRISD                    (abs)        0088
__Habs1                   abs1         0000
__Hbank0                  bank0        0000
__Hbank1                  bank1        0000
__Hbank2                  bank2        0000
__Hbank3                  bank3        0000
__HbssBANK1               bssBANK1     0000
__HbssBANK2               bssBANK2     0000
__HbssBANK3               bssBANK3     0000
__HbssCOMMON              bssCOMMON    0000
__Hcinit                  cinit        0033
__Hclrtext                clrtext      0000
__Hcode                   code         0000
__Hcommon                 common       0000
__Hconfig                 config       2009
__HcstackBANK0            cstackBANK0  0000
__HcstackBANK1            cstackBANK1  0000
__HcstackCOMMON           cstackCOMMON 0000
__Heeprom_data            eeprom_data  0000
__Hend_init               end_init     000F
__Hfunctab                functab      0000
__Hidloc                  idloc        2004
__Hinit                   init         000C
__Hintentry               intentry     000C
__Hmaintext               maintext     0000
__Hpowerup                powerup      0000
__Hram                    ram          0000
__Hreset_vec              reset_vec    0003
__Hsfr0                   sfr0         0000
__Hsfr1                   sfr1         0000
__Hsfr2                   sfr2         0000
__Hsfr3                   sfr3         0000
__Hspace_0                (abs)        2000
__Hspace_1                (abs)        01C2
__Hspace_2                (abs)        0000
__Hspace_3                (abs)        0000
__Hspace_4                (abs)        4010
__Hstack                  stack        0000
__Hstrings                strings      0000
__Htext                   text         0000
__Labs1                   abs1         0000
__Lbank0                  bank0        0000
__Lbank1                  bank1        0000
__Lbank2                  bank2        0000
__Lbank3                  bank3        0000
__LbssBANK1               bssBANK1     0000
__LbssBANK2               bssBANK2     0000
__LbssBANK3               bssBANK3     0000
__LbssCOMMON              bssCOMMON    0000
__Lcinit                  cinit        000F
__Lclrtext                clrtext      0000
__Lcode                   code         0000
__Lcommon                 common       0000
__Lconfig                 config       0000
__LcstackBANK0            cstackBANK0  0000
__LcstackBANK1            cstackBANK1  0000
__LcstackCOMMON           cstackCOMMON 0000
__Leeprom_data            eeprom_data  0000
__Lend_init               end_init     000C
__Lfunctab                functab      0000
__Lidloc                  idloc        0000
__Linit                   init         000C
__Lintentry               intentry     0004
__Lmaintext               maintext     0000
__Lpowerup                powerup      0000
__Lram                    ram          0000
__Lreset_vec              reset_vec    0000
__Lsfr0                   sfr0         0000
__Lsfr1                   sfr1         0000
__Lsfr2                   sfr2         0000
__Lsfr3                   sfr3         0000
__Lspace_0                (abs)        0000
__Lspace_1                (abs)        0000
__Lspace_2                (abs)        0000
__Lspace_3                (abs)        0000
__Lspace_4                (abs)        0000
__Lstack                  stack        0000
__Lstrings                strings      0000
__Ltext                   text         0000
__S0                      (abs)        2000
__S1                      (abs)        01C2
__S3                      (abs)        0000
__Umul8_16                text32       1260
__Umul8_16@multiplicand   cstackBANK0  0020
__Umul8_16@multiplier     cstackBANK0  0028
__Umul8_16@product        cstackBANK0  0024
__Umul8_16@word_mpld      cstackBANK0  0026
___bmul                   text20       1FE9
___bmul@multiplicand      cstackBANK0  0020
___bmul@multiplier        cstackBANK0  0023
___bmul@product           cstackBANK0  0022
___fladd                  text29       0DA8
___fladd@a                cstackBANK0  0058
___fladd@aexp             cstackBANK0  0065
___fladd@b                cstackBANK0  0054
___fladd@bexp             cstackBANK0  0066
___fladd@grs              cstackBANK0  0067
___fladd@signs            cstackBANK0  0064
___fldiv                  text34       0BD5
___fldiv@a                cstackBANK0  0020
___fldiv@aexp             cstackBANK0  0039
___fldiv@b                cstackBANK0  0024
___fldiv@bexp             cstackBANK0  0038
___fldiv@grs              cstackBANK0  0034
___fldiv@new_exp          cstackBANK0  0032
___fldiv@rem              cstackBANK0  002D
___fldiv@sign             cstackBANK0  0031
___flge                   text33       1564
___flge@ff1               cstackBANK0  0020
___flge@ff2               cstackBANK0  0024
___flmul                  text31       0439
___flmul@a                cstackBANK0  003E
___flmul@aexp             cstackBANK0  004C
___flmul@b                cstackBANK0  003A
___flmul@bexp             cstackBANK0  004D
___flmul@grs              cstackBANK0  0048
___flmul@prod             cstackBANK0  004E
___flmul@sign             cstackBANK0  0047
___flmul@temp             cstackBANK0  0052
___flneg                  text30       1FBB
___flneg@f1               cstackBANK0  0020
___flsub                  text28       112B
___flsub@a                cstackBANK0  0068
___flsub@b                cstackBANK0  006C
___fltol                  text27       077E
___fltol@exp1             cstackBANK0  0029
___fltol@f1               cstackBANK0  0020
___fltol@sign1            cstackBANK0  0028
___int_sp                 stack        0000
___latbits                (abs)        0002
___lwdiv                  text5        146D
___lwdiv@counter          cstackBANK0  0027
___lwdiv@dividend         cstackBANK0  0022
___lwdiv@divisor          cstackBANK0  0020
___lwdiv@quotient         cstackBANK0  0025
___lwmod                  text4        13AD
___lwmod@counter          cstackBANK0  002D
___lwmod@dividend         cstackBANK0  002A
___lwmod@divisor          cstackBANK0  0028
___sp                     stack        0000
___stackhi                (abs)        0000
___stacklo                (abs)        0000
___wmul                   text3        1239
___wmul@multiplicand      cstackBANK0  0022
___wmul@multiplier        cstackBANK0  0020
___wmul@product           cstackBANK0  0024
___xxtofl                 text26       1608
___xxtofl@arg             cstackBANK0  002A
___xxtofl@exp             cstackBANK0  0029
___xxtofl@sign            cstackBANK0  0028
___xxtofl@val             cstackBANK0  0020
__end_of_AHT10_Init       text41       087F
__end_of_AHT10_Read       text24       0BD5
__end_of_AHT10_Soft_Reset text23       130A
__end_of_Bcd_to_Dec       text19       10A5
__end_of_Dec_to_Bcd       text15       1053
__end_of_I2C_Ack          text40       1FAE
__end_of_I2C_Init_Master  text7        12DD
__end_of_I2C_Nack         text47       1F98
__end_of_I2C_Read         text46       1FA3
__end_of_I2C_Restart      text45       1F83
__end_of_I2C_Start        text44       1F8D
__end_of_I2C_Stop         text43       0800
__end_of_I2C_Write        text42       0813
__end_of_Lcd_Clear        text22       1FD5
__end_of_Lcd_Cmd          text38       1089
__end_of_Lcd_Init         text21       1564
__end_of_Lcd_Port         text39       10C5
__end_of_Lcd_Set_Cursor   text37       14FF
__end_of_Lcd_Shift_Right  text49       1FBB
__end_of_Lcd_Write_Char   text36       13AD
__end_of_Lcd_Write_String text35       146D
__end_of_Read             text18       1427
__end_of_Read_Fecha       text17       133F
__end_of_Read_Time        text16       1374
__end_of_Set_day          text14       1176
__end_of_Set_hour         text13       119D
__end_of_Set_min          text12       11C4
__end_of_Set_month        text11       11EB
__end_of_Set_sec          text10       1212
__end_of_Set_year         text9        1239
__end_of_Slave1_Total     text8        10E5
__end_of__Umul8_16        text32       1289
__end_of___bmul           text20       2000
__end_of___fladd          text29       1000
__end_of___fldiv          text34       0DA8
__end_of___flge           text33       1608
__end_of___flmul          text31       077E
__end_of___flneg          text30       1FC8
__end_of___flsub          text28       114F
__end_of___fltol          text27       07F6
__end_of___lwdiv          text5        14B3
__end_of___lwmod          text4        13E9
__end_of___wmul           text3        1260
__end_of___xxtofl         text26       16C2
__end_of__initialization  cinit        002F
__end_of__stringtab       strings      1010
__end_of_dpowers          strings      101A
__end_of_floattostr       text25       0439
__end_of_isdigit          text2        1FE9
__end_of_isr              text48       112B
__end_of_main             maintext     1800
__end_of_setup            text6        12B2
__end_of_sprintf          text1        0A05
__end_ofi1_Lcd_Cmd        text50       106D
__end_ofi1_Lcd_Port       text51       1107
__initialization          cinit        000F
__pbssBANK1               bssBANK1     00D2
__pbssBANK2               bssBANK2     0110
__pbssBANK3               bssBANK3     0190
__pbssCOMMON              bssCOMMON    0078
__pcstackBANK0            cstackBANK0  0020
__pcstackBANK1            cstackBANK1  00A0
__pcstackCOMMON           cstackCOMMON 0070
__pintentry               intentry     0004
__pmaintext               maintext     16C2
__pstrings                strings      1000
__ptext1                  text1        087F
__ptext10                 text10       11EB
__ptext11                 text11       11C4
__ptext12                 text12       119D
__ptext13                 text13       1176
__ptext14                 text14       114F
__ptext15                 text15       103D
__ptext16                 text16       133F
__ptext17                 text17       130A
__ptext18                 text18       13E9
__ptext19                 text19       1089
__ptext2                  text2        1FD5
__ptext20                 text20       1FE9
__ptext21                 text21       14FF
__ptext22                 text22       1FC8
__ptext23                 text23       12DD
__ptext24                 text24       0A05
__ptext25                 text25       0033
__ptext26                 text26       1608
__ptext27                 text27       077E
__ptext28                 text28       112B
__ptext29                 text29       0DA8
__ptext3                  text3        1239
__ptext30                 text30       1FBB
__ptext31                 text31       0439
__ptext32                 text32       1260
__ptext33                 text33       1564
__ptext34                 text34       0BD5
__ptext35                 text35       1427
__ptext36                 text36       1374
__ptext37                 text37       14B3
__ptext38                 text38       106D
__ptext39                 text39       10A5
__ptext4                  text4        13AD
__ptext40                 text40       1FA3
__ptext41                 text41       0813
__ptext42                 text42       0805
__ptext43                 text43       07F6
__ptext44                 text44       1F83
__ptext45                 text45       1F79
__ptext46                 text46       1F98
__ptext47                 text47       1F8D
__ptext48                 text48       1107
__ptext49                 text49       1FAE
__ptext5                  text5        146D
__ptext50                 text50       1053
__ptext51                 text51       10E5
__ptext6                  text6        1289
__ptext7                  text7        12B2
__ptext8                  text8        10C5
__ptext9                  text9        1212
__stringbase              strings      100F
__stringtab               strings      1000
_ano                      bssBANK1     00EA
_buffer                   bssBANK3     01A4
_buffer2                  bssBANK2     0110
_cont                     bssBANK1     00E6
_dia                      bssBANK1     00EC
_distancia                bssCOMMON    0078
_dpowers                  strings      1010
_floattostr               text25       0033
_horas                    bssBANK1     00ED
_isdigit                  text2        1FD5
_isdigit$1081             cstackBANK0  0020
_isr                      text48       1107
_main                     maintext     16C2
_mes                      bssBANK1     00EB
_minutos                  bssBANK1     00EE
_segundos                 bssBANK1     00EF
_setup                    text6        1289
_sprintf                  text1        087F
btemp                     (abs)        007E
clear_ram0                clrtext      1F71
end_of_initialization     cinit        002F
floattostr@cadena_        cstackBANK1  00A4
floattostr@cont_for       cstackBANK1  00AF
floattostr@decimales_     cstackBANK1  00A5
floattostr@largo_entera   cstackBANK1  00B1
floattostr@largo_n        cstackBANK1  00AD
floattostr@numero_        cstackBANK1  00A0
floattostr@tempo_float    cstackBANK1  00A9
floattostr@tempo_int      cstackBANK1  00A7
i1Lcd_Cmd@a               cstackCOMMON 0073
i1Lcd_Port@a              cstackCOMMON 0070
i1_Lcd_Cmd                text50       1053
i1_Lcd_Port               text51       10E5
interrupt_function        intentry     0004
intlevel0                 functab      0000
intlevel1                 functab      0000
intlevel2                 functab      0000
intlevel3                 functab      0000
intlevel4                 functab      0000
intlevel5                 functab      0000
isdigit@c                 cstackBANK0  0021
isr@contador              cstackCOMMON 0077
reset_vec                 reset_vec    0000
saved_w                   (abs)        007E
sprintf@ap                cstackBANK0  0038
sprintf@c                 cstackBANK0  0040
sprintf@f                 cstackBANK0  002E
sprintf@flag              cstackBANK0  0039
sprintf@prec              cstackBANK0  003C
sprintf@sp                cstackBANK0  003D
sprintf@val               cstackBANK0  003A
sprintf@width             cstackBANK0  003E
start                     init         000C
start_initialization      cinit        000F
wtemp0                    (abs)        007E


MODULE INFORMATION

Module		Function		Class		Link	Load	Size
E:\Program Files\Microchip\xc8\v2.40\pic\sources\c90\common\lwmod.c
		___lwmod       		CODE           	13AD	0000	60

E:\Program Files\Microchip\xc8\v2.40\pic\sources\c90\common\lwmod.c estimated size: 60

E:\Program Files\Microchip\xc8\v2.40\pic\sources\c90\common\sprcmul.c
		___flmul       		CODE           	0439	0000	837

E:\Program Files\Microchip\xc8\v2.40\pic\sources\c90\common\sprcmul.c estimated size: 837

i2c.c
		_I2C_Init_Master		CODE           	12B2	0000	43
		_I2C_Write     		CODE           	0805	0000	14
		_I2C_Stop      		CODE           	07F6	0000	10
		_I2C_Read      		CODE           	1F98	0000	11
		_I2C_Ack       		CODE           	1FA3	0000	11
		_I2C_Nack      		CODE           	1F8D	0000	11
		_I2C_Start     		CODE           	1F83	0000	10
		_I2C_Restart   		CODE           	1F79	0000	10

i2c.c estimated size: 120

E:\Program Files\Microchip\xc8\v2.40\pic\sources\c90\common\flge.c
		___flge        		CODE           	1564	0000	164

E:\Program Files\Microchip\xc8\v2.40\pic\sources\c90\common\flge.c estimated size: 164

E:\Program Files\Microchip\xc8\v2.40\pic\sources\c90\common\sprcdiv.c
		___fldiv       		CODE           	0BD5	0000	467

E:\Program Files\Microchip\xc8\v2.40\pic\sources\c90\common\sprcdiv.c estimated size: 467

E:\Program Files\Microchip\xc8\v2.40\pic\sources\c90\common\lwdiv.c
		___lwdiv       		CODE           	146D	0000	70

E:\Program Files\Microchip\xc8\v2.40\pic\sources\c90\common\lwdiv.c estimated size: 70

E:\Program Files\Microchip\xc8\v2.40\pic\sources\c90\common\fltol.c
		___fltol       		CODE           	077E	0000	120

E:\Program Files\Microchip\xc8\v2.40\pic\sources\c90\common\fltol.c estimated size: 120

./float_str.h
		_floattostr    		CODE           	0033	0000	1030

./float_str.h estimated size: 1030

E:\Program Files\Microchip\xc8\v2.40\pic\sources\c90\common\Umul8.c
		___bmul        		CODE           	1FE9	0000	23

E:\Program Files\Microchip\xc8\v2.40\pic\sources\c90\common\Umul8.c estimated size: 23

E:\Program Files\Microchip\xc8\v2.40\pic\sources\c90\common\xxtofl.c
		___xxtofl      		CODE           	1608	0000	186

E:\Program Files\Microchip\xc8\v2.40\pic\sources\c90\common\xxtofl.c estimated size: 186

shared
		__stringtab    		STRING         	1000	0000	16
		_dpowers       		STRING         	1010	0000	10
		i1_Lcd_Port    		CODE           	10E5	0000	34
		i1_Lcd_Cmd     		CODE           	1053	0000	26
		__initialization		CODE           	000F	0000	32

shared estimated size: 118

E:\Program Files\Microchip\xc8\v2.40\pic\sources\c90\common\isdigit.c
		_isdigit       		CODE           	1FD5	0000	20

E:\Program Files\Microchip\xc8\v2.40\pic\sources\c90\common\isdigit.c estimated size: 20

E:\Program Files\Microchip\xc8\v2.40\pic\sources\c90\common\sprcadd.c
		___flsub       		CODE           	112B	0000	36
		___fladd       		CODE           	0DA8	0000	600

E:\Program Files\Microchip\xc8\v2.40\pic\sources\c90\common\sprcadd.c estimated size: 636

E:\Program Files\Microchip\xc8\v2.40\pic\sources\c90\common\Umul8_16.c
		__Umul8_16     		CODE           	1260	0000	41

E:\Program Files\Microchip\xc8\v2.40\pic\sources\c90\common\Umul8_16.c estimated size: 41

E:\Program Files\Microchip\xc8\v2.40\pic\sources\c90\common\flneg.c
		___flneg       		CODE           	1FBB	0000	13

E:\Program Files\Microchip\xc8\v2.40\pic\sources\c90\common\flneg.c estimated size: 13

main_master.c
		_Set_day       		CODE           	114F	0000	39
		_Slave1_Total  		CODE           	10C5	0000	32
		_main          		CODE           	16C2	0000	318
		_AHT10_Init    		CODE           	0813	0000	108
		_AHT10_Soft_Reset		CODE           	12DD	0000	45
		_Read_Time     		CODE           	133F	0000	53
		_AHT10_Read    		CODE           	0A05	0000	464
		_isr           		CODE           	1107	0000	36
		_Set_year      		CODE           	1212	0000	39
		_setup         		CODE           	1289	0000	41
		_Read_Fecha    		CODE           	130A	0000	53
		_Set_min       		CODE           	119D	0000	39
		_Set_hour      		CODE           	1176	0000	39
		_Bcd_to_Dec    		CODE           	1089	0000	28
		_Read          		CODE           	13E9	0000	62
		_Dec_to_Bcd    		CODE           	103D	0000	22
		_Set_month     		CODE           	11C4	0000	39
		_Set_sec       		CODE           	11EB	0000	39

main_master.c estimated size: 1496

E:\Program Files\Microchip\xc8\v2.40\pic\sources\c90\common\doprnt.c
		_sprintf       		CODE           	087F	0000	390

E:\Program Files\Microchip\xc8\v2.40\pic\sources\c90\common\doprnt.c estimated size: 390

E:\Program Files\Microchip\xc8\v2.40\pic\sources\c90\common\Umul16.c
		___wmul        		CODE           	1239	0000	39

E:\Program Files\Microchip\xc8\v2.40\pic\sources\c90\common\Umul16.c estimated size: 39

LCD.c
		_Lcd_Write_String		CODE           	1427	0000	70
		_Lcd_Init      		CODE           	14FF	0000	101
		_Lcd_Write_Char		CODE           	1374	0000	57
		_Lcd_Cmd       		CODE           	106D	0000	28
		_Lcd_Shift_Right		CODE           	1FAE	0000	13
		_Lcd_Set_Cursor		CODE           	14B3	0000	76
		_Lcd_Clear     		CODE           	1FC8	0000	13
		_Lcd_Port      		CODE           	10A5	0000	32

LCD.c estimated size: 390

