Microchip MPLAB XC8 Compiler V2.40

Linker command line:

-W-3 \
  --edf=E:\Program Files\Microchip\xc8\v2.40\pic\dat\20220703182018_en.msgs \
  -cn -h+dist/default/production\proyecto1_slave2.X.production.sym \
  --cmf=dist/default/production\proyecto1_slave2.X.production.cmf -z \
  -Q16F887 -oC:\Users\lemus\AppData\Local\Temp\xcAs9ms.4 \
  --defsym=__MPLAB_BUILD=1 --fixupoverflow=error \
  -Mdist/default/production/proyecto1_slave2.X.production.map \
  --md=C:\Users\lemus\AppData\Local\Temp\xcAs9ms.dat -E1 -ver=XC8 Compiler \
  --acfsm=1493 -ACODE=00h-07FFhx4 -ASTRCODE=00h-01FFFh -ASTRING=00h-0FFhx32 \
  -ACONST=00h-0FFhx32 -AENTRY=00h-0FFhx32 -ACOMMON=070h-07Fh \
  -ABANK0=020h-06Fh -ABANK1=0A0h-0EFh -ABANK2=0110h-016Fh \
  -ABANK3=0190h-01EFh -ARAM=020h-06Fh,0A0h-0EFh,0110h-016Fh,0190h-01EFh \
  -AABS1=020h-07Fh,0A0h-0EFh,0110h-016Fh,0190h-01EFh -ASFR0=00h-01Fh \
  -ASFR1=080h-09Fh -ASFR2=0100h-010Fh -ASFR3=0180h-018Fh \
  -ACONFIG=02007h-02008h -DCONFIG=2 -AIDLOC=02000h-02003h -DIDLOC=2 \
  -AEEDATA=00h-0FFh/02100h -peeprom_data=EEDATA -DEEDATA=2 -DCODE=2 \
  -DSTRCODE=2 -DSTRING=2 -DCONST=2 -DENTRY=2 \
  -preset_vec=00h,intentry=04h,init,end_init -ppowerup=CODE -pcinit=CODE \
  -pfunctab=ENTRY -k C:\Users\lemus\AppData\Local\Temp\xcAs9ms.o \
  dist/default/production\proyecto1_slave2.X.production.o 

Object code version is 3.11

Machine type is 16F887



                Name                               Link     Load   Length Selector   Space Scale
C:\Users\lemus\AppData\Local\Temp\xcAs9ms.o
                end_init                              C        C        3        8       0
                reset_vec                             0        0        3        0       0
                config                             2007     2007        2        0       4
                idloc                              2000     2000        4        0       5
dist/default/production\proyecto1_slave2.X.production.o
                cinit                                 F        F       12        8       0
                intentry                              4        4        8        8       0
                config                             2007     2007        2        0       4
                idloc                              2000     2000        4        0       5
                text21                              D75      D75        9     1AEA       0
                text20                              DD7      DD7       16     1BAE       0
                text19                              DAD      DAD       15     1B5A       0
                text18                              D89      D89       11     1B12       0
                text17                              DC2      DC2       15     1B84       0
                text16                              D9A      D9A       13     1B34       0
                text15                              F78      F78       88     1EF0       0
                text14                              366      366      1D3        8       0
                text13                              E6E      E6E       29     1CDC       0
                text12                               21       21      345        8       0
                text11                              6EF      6EF       BA        8       0
                text10                              539      539       F0        8       0
                text9                               D7E      D7E        B     1AFC       0
                text8                               E97      E97       69     1D2E       0
                text7                               E47      E47       27     1C8E       0
                text6                               7D3      7D3       2A        8       0
                text5                               7A9      7A9       2A        8       0
                text4                               F00      F00       78     1E00       0
                text3                               E27      E27       20     1C4E       0
                text2                               DED      DED       1B     1BDA       0
                text1                               E08      E08       1F     1C10       0
                maintext                            629      629       C6        8       0
                cstackBANK0                          20       20       4F       20       1
                cstackCOMMON                         70       70        9       70       1
                cstackBANK1                          A0       A0       10       A0       1
                bssBANK1                             B0       B0        8       A0       1
                bssCOMMON                            79       79        4       70       1
                nvCOMMON                             7D       7D        1       70       1

TOTAL           Name                               Link     Load   Length     Space
        CLASS   CODE           
                end_init                              C        C        3         0
                cinit                                 F        F       12         0
                intentry                              4        4        8         0
                reset_vec                             0        0        3         0
                text21                              D75      D75        9         0
                text20                              DD7      DD7       16         0
                text19                              DAD      DAD       15         0
                text18                              D89      D89       11         0
                text17                              DC2      DC2       15         0
                text16                              D9A      D9A       13         0
                text15                              F78      F78       88         0
                text14                              366      366      1D3         0
                text13                              E6E      E6E       29         0
                text12                               21       21      345         0
                text11                              6EF      6EF       BA         0
                text10                              539      539       F0         0
                text9                               D7E      D7E        B         0
                text8                               E97      E97       69         0
                text7                               E47      E47       27         0
                text6                               7D3      7D3       2A         0
                text5                               7A9      7A9       2A         0
                text4                               F00      F00       78         0
                text3                               E27      E27       20         0
                text2                               DED      DED       1B         0
                text1                               E08      E08       1F         0
                maintext                            629      629       C6         0

        CLASS   STRCODE        

        CLASS   STRING         

        CLASS   CONST          

        CLASS   ENTRY          

        CLASS   COMMON         
                cstackCOMMON                         70       70        9         1
                bssCOMMON                            79       79        4         1
                nvCOMMON                             7D       7D        1         1

        CLASS   BANK0          
                cstackBANK0                          20       20       4F         1

        CLASS   BANK1          
                cstackBANK1                          A0       A0       10         1
                bssBANK1                             B0       B0        8         1

        CLASS   BANK2          

        CLASS   BANK3          

        CLASS   RAM            

        CLASS   ABS1           
                abs_s1                               7E       7E        2         1

        CLASS   SFR0           

        CLASS   SFR1           

        CLASS   SFR2           

        CLASS   SFR3           

        CLASS   CONFIG         
                config                             2007     2007        2         4

        CLASS   IDLOC          
                idloc                              2000     2000        4         5

        CLASS   EEDATA         

        CLASS   STACK          



SEGMENTS        Name                           Load    Length   Top    Selector   Space  Class     Delta

                reset_vec                      000000  000003  000003         0       0  CODE        2
                intentry                       000004  0007F9  0007FD         8       0  CODE        2
                cstackBANK0                    000020  00004F  00006F        20       1  BANK0       1
                cstackCOMMON                   000070  00000E  00007E        70       1  COMMON      1
                cstackBANK1                    0000A0  000018  0000B8        A0       1  BANK1       1
                text21                         000D75  000009  000D7E      1AEA       0  CODE        2
                text9                          000D7E  00000B  000D89      1AFC       0  CODE        2
                text18                         000D89  000011  000D9A      1B12       0  CODE        2
                text16                         000D9A  000013  000DAD      1B34       0  CODE        2
                text19                         000DAD  000015  000DC2      1B5A       0  CODE        2
                text17                         000DC2  000015  000DD7      1B84       0  CODE        2
                text20                         000DD7  000016  000DED      1BAE       0  CODE        2
                text2                          000DED  00001B  000E08      1BDA       0  CODE        2
                text1                          000E08  00001F  000E27      1C10       0  CODE        2
                text3                          000E27  000020  000E47      1C4E       0  CODE        2
                text7                          000E47  000027  000E6E      1C8E       0  CODE        2
                text13                         000E6E  000029  000E97      1CDC       0  CODE        2
                text8                          000E97  000069  000F00      1D2E       0  CODE        2
                text4                          000F00  000078  000F78      1E00       0  CODE        2
                text15                         000F78  000088  001000      1EF0       0  CODE        2


UNUSED ADDRESS RANGES

        Name                Unused          Largest block    Delta
        BANK0            006F-006F              1           1
        BANK1            00B8-00EF             38           1
        BANK2            0110-016F             60           1
        BANK3            0190-01EF             60           1
        CODE             0003-0003              1           2
                         07FD-0D74              3
                         1000-1FFF            800
        CONST            0003-0003              1           2
                         07FD-0D74            100
                         1000-1FFF            100
        EEDATA           2100-21FF            100           2
        ENTRY            0003-0003              1           2
                         07FD-0D74            100
                         1000-1FFF            100
        RAM              006F-006F              1           1
                         00B8-00EF             38
                         0110-016F             60
                         0190-01EF             60
        SFR0             0000-001F             20           1
        SFR1             0080-009F             20           1
        SFR2             0100-010F             10           1
        SFR3             0180-018F             10           1
        STRCODE          0003-0003              1           2
                         07FD-0D74            578
                         1000-1FFF           1000
        STRING           0003-0003              1           2
                         07FD-0D74            100
                         1000-1FFF            100

                                  Symbol Table

?_HCSR04_Get_Distance          cstackBANK0  0062
?_I2C_Error_Read               cstackCOMMON 0070
?_I2C_Read_Mode                cstackCOMMON 0070
?_I2C_Write_Mode               cstackCOMMON 0070
?__Umul8_16                    cstackBANK0  0020
?___awdiv                      cstackBANK0  0026
?___fldiv                      cstackBANK0  0048
?___flmul                      cstackBANK0  002E
?___fltol                      cstackBANK0  0062
?___wmul                       cstackBANK0  0020
?___xxtofl                     cstackBANK0  0020
HCSR04_Get_Distance@dis_hc     cstackBANK1  00A0
HCSR04_Get_Distance@timer_high cstackBANK1  00A8
HCSR04_Get_Distance@timer_low  cstackBANK1  00AA
I2C_Init_Slave@add_slave       cstackBANK0  0020
I2C_Read_Slave@dato_i2c        cstackCOMMON 0070
I2C_Write_Slave@dato_i2c       cstackCOMMON 0070
Servo_1_Write@ang              cstackBANK0  0031
Servo_2_Write@ang              cstackBANK0  0031
_ANSEL                         (abs)        0188
_ANSELH                        (abs)        0189
_BF                            (abs)        04A0
_HCSR04_Get_Distance           text10       0539
_HCSR04_Get_Distance$1261      cstackBANK1  00A4
_HCSR04_Init                   text9        0D7E
_I2C_Error_Data                text21       0D75
_I2C_Error_Read                text20       0DD7
_I2C_Error_Read$534            cstackCOMMON 0074
_I2C_Init_Slave                text3        0E27
_I2C_Read_Mode                 text19       0DAD
_I2C_Read_Mode$546             cstackCOMMON 0074
_I2C_Read_Slave                text18       0D89
_I2C_Write_Mode                text17       0DC2
_I2C_Write_Mode$544            cstackCOMMON 0074
_I2C_Write_Slave               text16       0D9A
_INTCONbits                    (abs)        000B
_OPTION_REGbits                (abs)        0081
_OSCCONbits                    (abs)        008F
_PIE1bits                      (abs)        008C
_PIR1bits                      (abs)        000C
_PORTA                         (abs)        0005
_PORTAbits                     (abs)        0005
_PORTB                         (abs)        0006
_PORTC                         (abs)        0007
_PORTD                         (abs)        0008
_PORTDbits                     (abs)        0008
_SSPADD                        (abs)        0093
_SSPBUF                        (abs)        0013
_SSPCON                        (abs)        0014
_SSPCON2                       (abs)        0091
_SSPCONbits                    (abs)        0014
_SSPSTAT                       (abs)        0094
_SSPSTATbits                   (abs)        0094
_Servo_1_Write                 text6        07D3
_Servo_2_Write                 text5        07A9
_Servo_Init                    text2        0DED
_T1CON                         (abs)        0010
_T1CONbits                     (abs)        0010
_TMR0                          (abs)        0001
_TMR1H                         (abs)        000F
_TMR1L                         (abs)        000E
_TRISA                         (abs)        0085
_TRISAbits                     (abs)        0085
_TRISCbits                     (abs)        0087
_TRISDbits                     (abs)        0088
__Habs1                        abs1         0000
__Hbank0                       bank0        0000
__Hbank1                       bank1        0000
__Hbank2                       bank2        0000
__Hbank3                       bank3        0000
__HbssBANK1                    bssBANK1     0000
__HbssCOMMON                   bssCOMMON    0000
__Hcinit                       cinit        0021
__Hclrtext                     clrtext      0000
__Hcode                        code         0000
__Hcommon                      common       0000
__Hconfig                      config       2009
__HcstackBANK0                 cstackBANK0  0000
__HcstackBANK1                 cstackBANK1  0000
__HcstackCOMMON                cstackCOMMON 0000
__Heeprom_data                 eeprom_data  0000
__Hend_init                    end_init     000F
__Hfunctab                     functab      0000
__Hidloc                       idloc        2004
__Hinit                        init         000C
__Hintentry                    intentry     000C
__Hmaintext                    maintext     0000
__HnvCOMMON                    nvCOMMON     0000
__Hpowerup                     powerup      0000
__Hram                         ram          0000
__Hreset_vec                   reset_vec    0003
__Hsfr0                        sfr0         0000
__Hsfr1                        sfr1         0000
__Hsfr2                        sfr2         0000
__Hsfr3                        sfr3         0000
__Hspace_0                     (abs)        1000
__Hspace_1                     (abs)        00B8
__Hspace_2                     (abs)        0000
__Hspace_3                     (abs)        0000
__Hspace_4                     (abs)        4010
__Hstack                       stack        0000
__Hstrings                     strings      0000
__Htext                        text         0000
__Labs1                        abs1         0000
__Lbank0                       bank0        0000
__Lbank1                       bank1        0000
__Lbank2                       bank2        0000
__Lbank3                       bank3        0000
__LbssBANK1                    bssBANK1     0000
__LbssCOMMON                   bssCOMMON    0000
__Lcinit                       cinit        000F
__Lclrtext                     clrtext      0000
__Lcode                        code         0000
__Lcommon                      common       0000
__Lconfig                      config       0000
__LcstackBANK0                 cstackBANK0  0000
__LcstackBANK1                 cstackBANK1  0000
__LcstackCOMMON                cstackCOMMON 0000
__Leeprom_data                 eeprom_data  0000
__Lend_init                    end_init     000C
__Lfunctab                     functab      0000
__Lidloc                       idloc        0000
__Linit                        init         000C
__Lintentry                    intentry     0004
__Lmaintext                    maintext     0000
__LnvCOMMON                    nvCOMMON     0000
__Lpowerup                     powerup      0000
__Lram                         ram          0000
__Lreset_vec                   reset_vec    0000
__Lsfr0                        sfr0         0000
__Lsfr1                        sfr1         0000
__Lsfr2                        sfr2         0000
__Lsfr3                        sfr3         0000
__Lspace_0                     (abs)        0000
__Lspace_1                     (abs)        0000
__Lspace_2                     (abs)        0000
__Lspace_3                     (abs)        0000
__Lspace_4                     (abs)        0000
__Lstack                       stack        0000
__Lstrings                     strings      0000
__Ltext                        text         0000
__S0                           (abs)        1000
__S1                           (abs)        00B8
__S3                           (abs)        0000
__Umul8_16                     text13       0E6E
__Umul8_16@multiplicand        cstackBANK0  0020
__Umul8_16@multiplier          cstackBANK0  0028
__Umul8_16@product             cstackBANK0  0024
__Umul8_16@word_mpld           cstackBANK0  0026
___awdiv                       text8        0E97
___awdiv@counter               cstackBANK0  002B
___awdiv@dividend              cstackBANK0  0028
___awdiv@divisor               cstackBANK0  0026
___awdiv@quotient              cstackBANK0  002D
___awdiv@sign                  cstackBANK0  002C
___fldiv                       text14       0366
___fldiv@a                     cstackBANK0  0048
___fldiv@aexp                  cstackBANK0  0061
___fldiv@b                     cstackBANK0  004C
___fldiv@bexp                  cstackBANK0  0060
___fldiv@grs                   cstackBANK0  005C
___fldiv@new_exp               cstackBANK0  005A
___fldiv@rem                   cstackBANK0  0055
___fldiv@sign                  cstackBANK0  0059
___flmul                       text12       0021
___flmul@a                     cstackBANK0  0032
___flmul@aexp                  cstackBANK0  0040
___flmul@b                     cstackBANK0  002E
___flmul@bexp                  cstackBANK0  0041
___flmul@grs                   cstackBANK0  003C
___flmul@prod                  cstackBANK0  0042
___flmul@sign                  cstackBANK0  003B
___flmul@temp                  cstackBANK0  0046
___fltol                       text4        0F00
___fltol@exp1                  cstackBANK0  006B
___fltol@f1                    cstackBANK0  0062
___fltol@sign1                 cstackBANK0  006A
___int_sp                      stack        0000
___latbits                     (abs)        0002
___sp                          stack        0000
___stackhi                     (abs)        0000
___stacklo                     (abs)        0000
___wmul                        text7        0E47
___wmul@multiplicand           cstackBANK0  0022
___wmul@multiplier             cstackBANK0  0020
___wmul@product                cstackBANK0  0024
___xxtofl                      text11       06EF
___xxtofl@arg                  cstackBANK0  002A
___xxtofl@exp                  cstackBANK0  0029
___xxtofl@sign                 cstackBANK0  0028
___xxtofl@val                  cstackBANK0  0020
__end_of_HCSR04_Get_Distance   text10       0629
__end_of_HCSR04_Init           text9        0D89
__end_of_I2C_Error_Data        text21       0D7E
__end_of_I2C_Error_Read        text20       0DED
__end_of_I2C_Init_Slave        text3        0E47
__end_of_I2C_Read_Mode         text19       0DC2
__end_of_I2C_Read_Slave        text18       0D9A
__end_of_I2C_Write_Mode        text17       0DD7
__end_of_I2C_Write_Slave       text16       0DAD
__end_of_Servo_1_Write         text6        07FD
__end_of_Servo_2_Write         text5        07D3
__end_of_Servo_Init            text2        0E08
__end_of__Umul8_16             text13       0E97
__end_of___awdiv               text8        0F00
__end_of___fldiv               text14       0539
__end_of___flmul               text12       0366
__end_of___fltol               text4        0F78
__end_of___wmul                text7        0E6E
__end_of___xxtofl              text11       07A9
__end_of__initialization       cinit        001D
__end_of_isr                   text15       1000
__end_of_main                  maintext     06EF
__end_of_setup                 text1        0E27
__initialization               cinit        000F
__pbssBANK1                    bssBANK1     00B0
__pbssCOMMON                   bssCOMMON    0079
__pcstackBANK0                 cstackBANK0  0020
__pcstackBANK1                 cstackBANK1  00A0
__pcstackCOMMON                cstackCOMMON 0070
__pintentry                    intentry     0004
__pmaintext                    maintext     0629
__pnvCOMMON                    nvCOMMON     007D
__ptext1                       text1        0E08
__ptext10                      text10       0539
__ptext11                      text11       06EF
__ptext12                      text12       0021
__ptext13                      text13       0E6E
__ptext14                      text14       0366
__ptext15                      text15       0F78
__ptext16                      text16       0D9A
__ptext17                      text17       0DC2
__ptext18                      text18       0D89
__ptext19                      text19       0DAD
__ptext2                       text2        0DED
__ptext20                      text20       0DD7
__ptext21                      text21       0D75
__ptext3                       text3        0E27
__ptext4                       text4        0F00
__ptext5                       text5        07A9
__ptext6                       text6        07D3
__ptext7                       text7        0E47
__ptext8                       text8        0E97
__ptext9                       text9        0D7E
_cont_sr                       bssCOMMON    0079
_data_s                        bssBANK1     00B0
_dis                           nvCOMMON     007D
_isr                           text15       0F78
_main                          maintext     0629
_recibido                      bssCOMMON    007C
_setup                         text1        0E08
btemp                          (abs)        007E
end_of_initialization          cinit        001D
interrupt_function             intentry     0004
intlevel0                      functab      0000
intlevel1                      functab      0000
intlevel2                      functab      0000
intlevel3                      functab      0000
intlevel4                      functab      0000
intlevel5                      functab      0000
main@distancia                 cstackBANK1  00AC
reset_vec                      reset_vec    0000
saved_w                        (abs)        007E
start                          init         000C
start_initialization           cinit        000F
wtemp0                         (abs)        007E


MODULE INFORMATION

Module		Function		Class		Link	Load	Size
main_slave2.c
		_Servo_Init    		CODE           	0DED	0000	27
		_main          		CODE           	0629	0000	198
		_Servo_2_Write 		CODE           	07A9	0000	42
		_isr           		CODE           	0F78	0000	136
		_setup         		CODE           	0E08	0000	31
		_Servo_1_Write 		CODE           	07D3	0000	42

main_slave2.c estimated size: 476

E:\Program Files\Microchip\xc8\v2.40\pic\sources\c90\common\sprcmul.c
		___flmul       		CODE           	0021	0000	837

E:\Program Files\Microchip\xc8\v2.40\pic\sources\c90\common\sprcmul.c estimated size: 837

i2c.c
		_I2C_Write_Mode		CODE           	0DC2	0000	21
		_I2C_Read_Mode 		CODE           	0DAD	0000	21
		_I2C_Error_Read		CODE           	0DD7	0000	22
		_I2C_Error_Data		CODE           	0D75	0000	9
		_I2C_Read_Slave		CODE           	0D89	0000	17
		_I2C_Init_Slave		CODE           	0E27	0000	32
		_I2C_Write_Slave		CODE           	0D9A	0000	19

i2c.c estimated size: 141

E:\Program Files\Microchip\xc8\v2.40\pic\sources\c90\common\sprcdiv.c
		___fldiv       		CODE           	0366	0000	467

E:\Program Files\Microchip\xc8\v2.40\pic\sources\c90\common\sprcdiv.c estimated size: 467

hc_sr04.c
		_HCSR04_Get_Distance		CODE           	0539	0000	240
		_HCSR04_Init   		CODE           	0D7E	0000	11

hc_sr04.c estimated size: 251

E:\Program Files\Microchip\xc8\v2.40\pic\sources\c90\common\fltol.c
		___fltol       		CODE           	0F00	0000	120

E:\Program Files\Microchip\xc8\v2.40\pic\sources\c90\common\fltol.c estimated size: 120

E:\Program Files\Microchip\xc8\v2.40\pic\sources\c90\common\xxtofl.c
		___xxtofl      		CODE           	06EF	0000	186

E:\Program Files\Microchip\xc8\v2.40\pic\sources\c90\common\xxtofl.c estimated size: 186

shared
		__initialization		CODE           	000F	0000	14

shared estimated size: 14

E:\Program Files\Microchip\xc8\v2.40\pic\sources\c90\common\awdiv.c
		___awdiv       		CODE           	0E97	0000	105

E:\Program Files\Microchip\xc8\v2.40\pic\sources\c90\common\awdiv.c estimated size: 105

E:\Program Files\Microchip\xc8\v2.40\pic\sources\c90\common\Umul8_16.c
		__Umul8_16     		CODE           	0E6E	0000	41

E:\Program Files\Microchip\xc8\v2.40\pic\sources\c90\common\Umul8_16.c estimated size: 41

E:\Program Files\Microchip\xc8\v2.40\pic\sources\c90\common\Umul16.c
		___wmul        		CODE           	0E47	0000	39

E:\Program Files\Microchip\xc8\v2.40\pic\sources\c90\common\Umul16.c estimated size: 39

